     VMA      LMA     Size Align Out     In      Symbol
       0        0        0     1 
       0        0        0     1 
       0        0        0     1 
       0        0        0     1 
       0        0        0     1 
       0        0        0     1 
       0        0        0     1 __lisp65_workbench_noinit_end = ADDR(.noinit) + SIZEOF(.noinit)
       0        0        0     1 __lisp65_workbench_overlay_min_start = ALIGN(__lisp65_workbench_noinit_end + 1, 2)
       0        0        0     1 __lisp65_workbench_required_boot_stack = DEFINED(__lisp65_workbench_required_boot_stack_param) ? __lisp65_workbench_required_boot_stack_param : 0x0200
       0        0        0     1 __lisp65_workbench_required_runtime_stack = DEFINED(__lisp65_workbench_required_runtime_stack_param) ? __lisp65_workbench_required_runtime_stack_param : 1450
       0        0        0     1 __lisp65_workbench_required_post_boot_reserve = DEFINED(__lisp65_workbench_required_post_boot_reserve_param) ? __lisp65_workbench_required_post_boot_reserve_param : 0x0400
       0        0        0     1 __lisp65_workbench_runtime_overlay_max_vma = DEFINED(__lisp65_workbench_runtime_overlay_max_vma_param) ? __lisp65_workbench_runtime_overlay_max_vma_param : 0xc356
       0        0        0     1 __lisp65_workbench_runtime_overlay_fixed_vma = DEFINED(__lisp65_workbench_runtime_overlay_vma_param) ? __lisp65_workbench_runtime_overlay_vma_param : __lisp65_workbench_runtime_overlay_max_vma
       0        0        0     1 __lisp65_workbench_runtime_transport_max_bytes = 1792
       0        0        0     1 __lisp65_error_overlay_max_bytes = DEFINED(__lisp65_error_overlay_max_bytes_param) ? __lisp65_error_overlay_max_bytes_param : 1320
       0        0        0     1 __lisp65_workbench_screen_base = 0x0800
       0        0        0     1 __lisp65_workbench_screen_columns = 80
       0        0        0     1 __lisp65_workbench_screen_rows = 50
       0        0        0     1 __lisp65_workbench_screen_cell_bytes = 1
       0        0        0     1 __lisp65_workbench_screen_limit = __lisp65_workbench_screen_base + (__lisp65_workbench_screen_columns * __lisp65_workbench_screen_rows * __lisp65_workbench_screen_cell_bytes)
       0        0        0     1 __lisp65_resident_island_base = 0x1800
       0        0        0     1 __lisp65_resident_island_limit = 0x2000
       0        0        0     1 __lisp65_resident_island_payload_capacity = 2048
       0        0        0     1 __lisp65_workbench_runtime_overlay_vma = __lisp65_workbench_runtime_overlay_fixed_vma
       0        0     ca46     1 
    ca46        0        0     1 __lisp65_resident_island_seed_lma = ALIGN(LOADADDR(.lisp65_rt_buffer_alloc) + SIZEOF(.lisp65_rt_buffer_alloc), 0x100)
    ca46        0        0     1 __lisp65_workbench_overlay_start = ADDR(.lisp65_workbench_overlay)
    ca46        0        0     1 __lisp65_workbench_overlay_end = ADDR(.lisp65_workbench_overlay) + SIZEOF(.lisp65_workbench_overlay)
    ca46        0        0     1 __lisp65_workbench_overlay_entry = vm_workbench_boot_overlay_entry
    ca46        0        0     1 __lisp65_workbench_resident_file_end = __data_load_start + __data_size
    ca46        0        0     1 __lisp65_workbench_runtime_overlay_limit = __stack - __lisp65_workbench_required_runtime_stack
    ca46        0        0     1 __lisp65_workbench_boot_slice_limit = __stack - __lisp65_workbench_required_boot_stack
    ca46        0        0     1 __lisp65_rt_rtov_catalog_start = ADDR(.lisp65_rt_rtov_catalog)
    ca46        0        0     1 __lisp65_rt_rtov_catalog_end = ADDR(.lisp65_rt_rtov_catalog) + SIZEOF(.lisp65_rt_rtov_catalog)
    ca46        0        0     1 __lisp65_rt_rtov_record_start = ADDR(.lisp65_rt_rtov_record)
    ca46        0        0     1 __lisp65_rt_rtov_record_end = ADDR(.lisp65_rt_rtov_record) + SIZEOF(.lisp65_rt_rtov_record)
    ca46        0        0     1 __lisp65_rt_c2d_00_start = ADDR(.lisp65_rt_c2d_00)
    ca46        0        0     1 __lisp65_rt_c2d_00_end = ADDR(.lisp65_rt_c2d_00) + SIZEOF(.lisp65_rt_c2d_00)
    ca46        0        0     1 __lisp65_rt_c2d_00b_start = ADDR(.lisp65_rt_c2d_00b)
    ca46        0        0     1 __lisp65_rt_c2d_00b_end = ADDR(.lisp65_rt_c2d_00b) + SIZEOF(.lisp65_rt_c2d_00b)
    ca46        0        0     1 __lisp65_rt_c2d_01_start = ADDR(.lisp65_rt_c2d_01)
    ca46        0        0     1 __lisp65_rt_c2d_01_end = ADDR(.lisp65_rt_c2d_01) + SIZEOF(.lisp65_rt_c2d_01)
    ca46        0        0     1 __lisp65_rt_c2d_02a_start = ADDR(.lisp65_rt_c2d_02a)
    ca46        0        0     1 __lisp65_rt_c2d_02a_end = ADDR(.lisp65_rt_c2d_02a) + SIZEOF(.lisp65_rt_c2d_02a)
    ca46        0        0     1 __lisp65_rt_c2d_02b_start = ADDR(.lisp65_rt_c2d_02b)
    ca46        0        0     1 __lisp65_rt_c2d_02b_end = ADDR(.lisp65_rt_c2d_02b) + SIZEOF(.lisp65_rt_c2d_02b)
    ca46        0        0     1 __lisp65_rt_c2d_03_start = ADDR(.lisp65_rt_c2d_03)
    ca46        0        0     1 __lisp65_rt_c2d_03_end = ADDR(.lisp65_rt_c2d_03) + SIZEOF(.lisp65_rt_c2d_03)
    ca46        0        0     1 __lisp65_rt_c2d_04_start = ADDR(.lisp65_rt_c2d_04)
    ca46        0        0     1 __lisp65_rt_c2d_04_end = ADDR(.lisp65_rt_c2d_04) + SIZEOF(.lisp65_rt_c2d_04)
    ca46        0        0     1 __lisp65_rt_c2d_05_start = ADDR(.lisp65_rt_c2d_05)
    ca46        0        0     1 __lisp65_rt_c2d_05_end = ADDR(.lisp65_rt_c2d_05) + SIZEOF(.lisp65_rt_c2d_05)
    ca46        0        0     1 __lisp65_rt_c2d_06a_start = ADDR(.lisp65_rt_c2d_06a)
    ca46        0        0     1 __lisp65_rt_c2d_06a_end = ADDR(.lisp65_rt_c2d_06a) + SIZEOF(.lisp65_rt_c2d_06a)
    ca46        0        0     1 __lisp65_rt_c2d_06b_start = ADDR(.lisp65_rt_c2d_06b)
    ca46        0        0     1 __lisp65_rt_c2d_06b_end = ADDR(.lisp65_rt_c2d_06b) + SIZEOF(.lisp65_rt_c2d_06b)
    ca46        0        0     1 __lisp65_rt_c2d_07_start = ADDR(.lisp65_rt_c2d_07)
    ca46        0        0     1 __lisp65_rt_c2d_07_end = ADDR(.lisp65_rt_c2d_07) + SIZEOF(.lisp65_rt_c2d_07)
    ca46        0        0     1 __lisp65_rt_c2d_08_start = ADDR(.lisp65_rt_c2d_08)
    ca46        0        0     1 __lisp65_rt_c2d_08_end = ADDR(.lisp65_rt_c2d_08) + SIZEOF(.lisp65_rt_c2d_08)
    ca46        0        0     1 __lisp65_rt_c2d_09_start = ADDR(.lisp65_rt_c2d_09)
    ca46        0        0     1 __lisp65_rt_c2d_09_end = ADDR(.lisp65_rt_c2d_09) + SIZEOF(.lisp65_rt_c2d_09)
    ca46        0        0     1 __lisp65_rt_c2d_10_start = ADDR(.lisp65_rt_c2d_10)
    ca46        0        0     1 __lisp65_rt_c2d_10_end = ADDR(.lisp65_rt_c2d_10) + SIZEOF(.lisp65_rt_c2d_10)
    ca46        0        0     1 __lisp65_rt_c2d_11_start = ADDR(.lisp65_rt_c2d_11)
    ca46        0        0     1 __lisp65_rt_c2d_11_end = ADDR(.lisp65_rt_c2d_11) + SIZEOF(.lisp65_rt_c2d_11)
    ca46        0        0     1 __lisp65_rt_c2d_12_start = ADDR(.lisp65_rt_c2d_12)
    ca46        0        0     1 __lisp65_rt_c2d_12_end = ADDR(.lisp65_rt_c2d_12) + SIZEOF(.lisp65_rt_c2d_12)
    ca46        0        0     1 __lisp65_rt_c2d_13_start = ADDR(.lisp65_rt_c2d_13)
    ca46        0        0     1 __lisp65_rt_c2d_13_end = ADDR(.lisp65_rt_c2d_13) + SIZEOF(.lisp65_rt_c2d_13)
    ca46        0        0     1 __lisp65_rt_c2emit_prepare_start = ADDR(.lisp65_rt_c2emit_prepare)
    ca46        0        0     1 __lisp65_rt_c2emit_prepare_end = ADDR(.lisp65_rt_c2emit_prepare) + SIZEOF(.lisp65_rt_c2emit_prepare)
    ca46        0        0     1 __lisp65_rt_c2emit_name_start = ADDR(.lisp65_rt_c2emit_name)
    ca46        0        0     1 __lisp65_rt_c2emit_name_end = ADDR(.lisp65_rt_c2emit_name) + SIZEOF(.lisp65_rt_c2emit_name)
    ca46        0        0     1 __lisp65_rt_c2emit_literal_prep_start = ADDR(.lisp65_rt_c2emit_literal_prep)
    ca46        0        0     1 __lisp65_rt_c2emit_literal_prep_end = ADDR(.lisp65_rt_c2emit_literal_prep) + SIZEOF(.lisp65_rt_c2emit_literal_prep)
    ca46        0        0     1 __lisp65_rt_c2emit_literal_atom_start = ADDR(.lisp65_rt_c2emit_literal_atom)
    ca46        0        0     1 __lisp65_rt_c2emit_literal_atom_end = ADDR(.lisp65_rt_c2emit_literal_atom) + SIZEOF(.lisp65_rt_c2emit_literal_atom)
    ca46        0        0     1 __lisp65_rt_c2emit_literal_append_start = ADDR(.lisp65_rt_c2emit_literal_append)
    ca46        0        0     1 __lisp65_rt_c2emit_literal_append_end = ADDR(.lisp65_rt_c2emit_literal_append) + SIZEOF(.lisp65_rt_c2emit_literal_append)
    ca46        0        0     1 __lisp65_rt_c2emit_code_start = ADDR(.lisp65_rt_c2emit_code)
    ca46        0        0     1 __lisp65_rt_c2emit_code_end = ADDR(.lisp65_rt_c2emit_code) + SIZEOF(.lisp65_rt_c2emit_code)
    ca46        0        0     1 __lisp65_rt_c2emit_final_meta_start = ADDR(.lisp65_rt_c2emit_final_meta)
    ca46        0        0     1 __lisp65_rt_c2emit_final_meta_end = ADDR(.lisp65_rt_c2emit_final_meta) + SIZEOF(.lisp65_rt_c2emit_final_meta)
    ca46        0        0     1 __lisp65_rt_c2emit_final_crc_start = ADDR(.lisp65_rt_c2emit_final_crc)
    ca46        0        0     1 __lisp65_rt_c2emit_final_crc_end = ADDR(.lisp65_rt_c2emit_final_crc) + SIZEOF(.lisp65_rt_c2emit_final_crc)
    ca46        0        0     1 __lisp65_rt_c2append_envelope_start = ADDR(.lisp65_rt_c2append_envelope)
    ca46        0        0     1 __lisp65_rt_c2append_envelope_end = ADDR(.lisp65_rt_c2append_envelope) + SIZEOF(.lisp65_rt_c2append_envelope)
    ca46        0        0     1 __lisp65_rt_c2append_crc_start = ADDR(.lisp65_rt_c2append_crc)
    ca46        0        0     1 __lisp65_rt_c2append_crc_end = ADDR(.lisp65_rt_c2append_crc) + SIZEOF(.lisp65_rt_c2append_crc)
    ca46        0        0     1 __lisp65_rt_c2append_metadata_start = ADDR(.lisp65_rt_c2append_metadata)
    ca46        0        0     1 __lisp65_rt_c2append_metadata_end = ADDR(.lisp65_rt_c2append_metadata) + SIZEOF(.lisp65_rt_c2append_metadata)
    ca46        0        0     1 __lisp65_rt_c2append_capacity_start = ADDR(.lisp65_rt_c2append_capacity)
    ca46        0        0     1 __lisp65_rt_c2append_capacity_end = ADDR(.lisp65_rt_c2append_capacity) + SIZEOF(.lisp65_rt_c2append_capacity)
    ca46        0        0     1 __lisp65_rt_c2append_stage_start = ADDR(.lisp65_rt_c2append_stage)
    ca46        0        0     1 __lisp65_rt_c2append_stage_end = ADDR(.lisp65_rt_c2append_stage) + SIZEOF(.lisp65_rt_c2append_stage)
    ca46        0        0     1 __lisp65_rt_c2append_image_start = ADDR(.lisp65_rt_c2append_image)
    ca46        0        0     1 __lisp65_rt_c2append_image_end = ADDR(.lisp65_rt_c2append_image) + SIZEOF(.lisp65_rt_c2append_image)
    ca46        0        0     1 __lisp65_rt_c2append_entries_start = ADDR(.lisp65_rt_c2append_entries)
    ca46        0        0     1 __lisp65_rt_c2append_entries_end = ADDR(.lisp65_rt_c2append_entries) + SIZEOF(.lisp65_rt_c2append_entries)
    ca46        0        0     1 __lisp65_rt_c2append_header_start = ADDR(.lisp65_rt_c2append_header)
    ca46        0        0     1 __lisp65_rt_c2append_header_end = ADDR(.lisp65_rt_c2append_header) + SIZEOF(.lisp65_rt_c2append_header)
    ca46        0        0     1 __lisp65_rt_c2append_publish_names_start = ADDR(.lisp65_rt_c2append_publish_names)
    ca46        0        0     1 __lisp65_rt_c2append_publish_names_end = ADDR(.lisp65_rt_c2append_publish_names) + SIZEOF(.lisp65_rt_c2append_publish_names)
    ca46        0        0     1 __lisp65_rt_c2append_publish_cells_start = ADDR(.lisp65_rt_c2append_publish_cells)
    ca46        0        0     1 __lisp65_rt_c2append_publish_cells_end = ADDR(.lisp65_rt_c2append_publish_cells) + SIZEOF(.lisp65_rt_c2append_publish_cells)
    ca46        0        0     1 __lisp65_rt_c2append_rollback_start = ADDR(.lisp65_rt_c2append_rollback)
    ca46        0        0     1 __lisp65_rt_c2append_rollback_end = ADDR(.lisp65_rt_c2append_rollback) + SIZEOF(.lisp65_rt_c2append_rollback)
    ca46        0        0     1 __lisp65_rt_l65e_start = ADDR(.lisp65_rt_l65e)
    ca46        0        0     1 __lisp65_rt_l65e_end = ADDR(.lisp65_rt_l65e) + SIZEOF(.lisp65_rt_l65e)
    ca46        0        0     1 __lisp65_rt_buffer_read_start = ADDR(.lisp65_rt_buffer_read)
    ca46        0        0     1 __lisp65_rt_buffer_read_end = ADDR(.lisp65_rt_buffer_read) + SIZEOF(.lisp65_rt_buffer_read)
    ca46        0        0     1 __lisp65_rt_buffer_write_start = ADDR(.lisp65_rt_buffer_write)
    ca46        0        0     1 __lisp65_rt_buffer_write_end = ADDR(.lisp65_rt_buffer_write) + SIZEOF(.lisp65_rt_buffer_write)
    ca46        0        0     1 __lisp65_rt_buffer_alloc_start = ADDR(.lisp65_rt_buffer_alloc)
    ca46        0        0     1 __lisp65_rt_buffer_alloc_end = ADDR(.lisp65_rt_buffer_alloc) + SIZEOF(.lisp65_rt_buffer_alloc)
    ca46        0        0     1 __lisp65_resident_island_start = ADDR(.lisp65_resident_island)
    ca46        0        0     1 __lisp65_resident_island_end = ADDR(.lisp65_resident_island) + SIZEOF(.lisp65_resident_island)
    ca46        0        0     1 __lisp65_resident_island_annex_start = ADDR(.lisp65_resident_island_annex)
    ca46        0        0     1 __lisp65_resident_island_annex_end = ADDR(.lisp65_resident_island_annex) + SIZEOF(.lisp65_resident_island_annex)
    ca46        0        0     1 __lisp65_rt_island_00_start = ADDR(.lisp65_rt_island_00)
    ca46        0        0     1 __lisp65_rt_island_00_end = ADDR(.lisp65_rt_island_00) + SIZEOF(.lisp65_rt_island_00)
    ca46        0        0     1 __lisp65_rt_rtov_catalog_entry = vm_runtime_overlay_catalog_verifier
    ca46        0        0     1 __lisp65_rt_rtov_record_entry = vm_runtime_overlay_record_verifier
    ca46        0        0     1 __lisp65_rt_c2d_00_entry = c2_stream_phase_00
    ca46        0        0     1 __lisp65_rt_c2d_00b_entry = c2_stream_phase_00b
    ca46        0        0     1 __lisp65_rt_c2d_01_entry = c2_stream_phase_01
    ca46        0        0     1 __lisp65_rt_c2d_02a_entry = c2_stream_phase_02a
    ca46        0        0     1 __lisp65_rt_c2d_02b_entry = c2_stream_phase_02b
    ca46        0        0     1 __lisp65_rt_c2d_03_entry = c2_stream_phase_03
    ca46        0        0     1 __lisp65_rt_c2d_04_entry = c2_stream_phase_04
    ca46        0        0     1 __lisp65_rt_c2d_05_entry = c2_stream_phase_05
    ca46        0        0     1 __lisp65_rt_c2d_06a_entry = c2_stream_phase_06a
    ca46        0        0     1 __lisp65_rt_c2d_06b_entry = c2_stream_phase_06b
    ca46        0        0     1 __lisp65_rt_c2d_07_entry = c2_stream_phase_07
    ca46        0        0     1 __lisp65_rt_c2d_08_entry = c2_stream_phase_08
    ca46        0        0     1 __lisp65_rt_c2d_09_entry = c2_stream_phase_09
    ca46        0        0     1 __lisp65_rt_c2d_10_entry = c2_stream_phase_10
    ca46        0        0     1 __lisp65_rt_c2d_11_entry = c2_stream_phase_11
    ca46        0        0     1 __lisp65_rt_c2d_12_entry = c2_stream_phase_12
    ca46        0        0     1 __lisp65_rt_c2d_13_entry = c2_stream_phase_13
    ca46        0        0     1 __lisp65_rt_c2emit_prepare_entry = c2_session_emit_prepare_phase
    ca46        0        0     1 __lisp65_rt_c2emit_name_entry = c2_session_emit_name_phase
    ca46        0        0     1 __lisp65_rt_c2emit_literal_prep_entry = c2_session_emit_literal_prep_phase
    ca46        0        0     1 __lisp65_rt_c2emit_literal_atom_entry = c2_session_emit_literal_atom_phase
    ca46        0        0     1 __lisp65_rt_c2emit_literal_append_entry = c2_session_emit_literal_append_phase
    ca46        0        0     1 __lisp65_rt_c2emit_code_entry = c2_session_emit_code_phase
    ca46        0        0     1 __lisp65_rt_c2emit_final_meta_entry = c2_session_emit_final_meta_phase
    ca46        0        0     1 __lisp65_rt_c2emit_final_crc_entry = c2_session_emit_final_crc_phase
    ca46        0        0     1 __lisp65_rt_c2append_envelope_entry = c2_append_envelope_phase
    ca46        0        0     1 __lisp65_rt_c2append_crc_entry = c2_append_crc_phase
    ca46        0        0     1 __lisp65_rt_c2append_metadata_entry = c2_append_metadata_phase
    ca46        0        0     1 __lisp65_rt_c2append_capacity_entry = c2_append_capacity_phase
    ca46        0        0     1 __lisp65_rt_c2append_stage_entry = c2_append_stage_phase
    ca46        0        0     1 __lisp65_rt_c2append_image_entry = c2_append_image_phase
    ca46        0        0     1 __lisp65_rt_c2append_entries_entry = c2_append_entries_phase
    ca46        0        0     1 __lisp65_rt_c2append_header_entry = c2_append_header_phase
    ca46        0        0     1 __lisp65_rt_c2append_publish_names_entry = c2_append_publish_names_phase
    ca46        0        0     1 __lisp65_rt_c2append_publish_cells_entry = c2_append_publish_cells_phase
    ca46        0        0     1 __lisp65_rt_c2append_rollback_entry = c2_append_rollback_phase
    ca46        0        0     1 __lisp65_rt_l65e_entry = lisp65_error_overlay_entry
    ca46        0        0     1 __lisp65_rt_buffer_read_entry = lisp65_buffer_overlay_read_entry
    ca46        0        0     1 __lisp65_rt_buffer_write_entry = lisp65_buffer_overlay_write_entry
    ca46        0        0     1 __lisp65_rt_buffer_alloc_entry = lisp65_buffer_overlay_alloc_entry
    ca46        0        0     1 __lisp65_rt_island_00_entry = vm_resident_island_install
    ca46        0        0     1 
    ca46        0        0     1 
    ca46        0        0     1 
    ca46        0        0     1 
    ca46        0        0     1 
    ca46        0        0     1 
    ca46        0        0     1 
    ca46        0        0     1 
    ca46        0        0     1 
    ca46        0        0     1 
    ca46        0        0     1 
    ca46        0        0     1 
    ca46        0        0     1 
    ca46        0        0     1 
    ca46        0        0     1 
    ca46        0        0     1 
    ca46        0        0     1 
    ca46        0        0     1 
    ca46        0        0     1 
    ca46        0        0     1 
    ca46        0        0     1 
    ca46        0        0     1 
    ca46        0        0     1 
    ca46        0        0     1 
    ca46        0        0     1 
    ca46        0        0     1 
    ca46        0        0     1 
    ca46        0        0     1 
    ca46        0        0     1 
    ca46        0        0     1 
    ca46        0        0     1 
    ca46        0        0     1 
    ca46        0        0     1 
    ca46        0        0     1 
    ca46        0        0     1 
    ca46        0        0     1 
    ca46        0        0     1 
    ca46        0        0     1 
    ca46        0        0     1 
    ca46        0        0     1 
    ca46        0        0     1 
    ca46        0        0     1 
    ca46        0        0     1 
    ca46        0        0     1 
    ca46        0        0     1 
    ca46        0        0     1 
    ca46        0        0     1 
    ca46        0        0     1 
    ca46        0        0     1 
    ca46        0        0     1 
    ca46        0        0     1 
    ca46        0        0     1 
    ca46        0        0     1 
    ca46        0        0     1 
    ca46        0        0     1 
    ca46        0        0     1 
    ca46        0        0     1 
    ca46        0        0     1 
    ca46        0        0     1 
    ca46        0        0     1 
    ca46        0        0     1 
    ca46        0        0     1 
    ca46        0        0     1 
    ca46        0        0     1 
    ca46        0        0     1 
    ca46        0        0     1 
    ca46        0        0     1 
    ca46        0        0     1 
    ca46        0        0     1 
    ca46        0        0     1 
    ca46        0        0     1 
    ca46        0        0     1 
    ca46        0        0     1 
    ca46        0        0     1 
    ca46        0        0     1 
    ca46        0        0     1 
    ca46        0        0     1 
    ca46        0        0     1 
    ca46        0        0     1 
    ca46        0        0     1 
    ca46        0        0     1 
    ca46        0        0     1 
    ca46        0        0     1 
    ca46        0        0     1 
    ca46        0        0     1 
    ca46        0        0     1 
    ca46        0        0     1 
    ca46        0        0     1 
    ca46        0        0     1 
    ca46        0        0     1 
       0        0       cc     1 .comment
       0        0       cc     1         <internal>:(.comment)
       0        0     3830     4 .symtab
       0        0     3830     4         <internal>:(.symtab)
       0        0     3da8     1 .strtab
       0        0     3da8     1         <internal>:(.strtab)
       0        0      e43     1 .shstrtab
       0        0      e43     1         <internal>:(.shstrtab)
       0        0       27     1 .lisp65_error_callsites
       0        0       27     1         /home/alex/Videos/lisp65-cp4-safety-20260712/build/c2.2/substitution/link28-v2-profile-data-placement-probe/v2-profile-data-placement-seed.prg.lto.o:(.lisp65_error_callsites)
    ca46     ca46        0     1 
    ca46     ca46        0     1 
    ca46     ca46        0     1 
    ca46     ca46        0     1 
    ca46     ca46        0     1 
    ca46     ca46        0     1 
    ca46     ca46        0     1 
    ca46     ca46        0     1 
    ca46     ca46        0     1 
    ca46     ca46        0     1 
    ca46     ca46        0     1 
    ca46     ca46        0     1 
    ca46     ca46        0     1 
    ca46     ca46        0     1 
    ca46     ca46        0     1 
    ca46     ca46        0     1 __basic_zp_start = 0x0002
    ca46     ca46        0     1 __basic_zp_end = 0x0090
    ca46     ca46        0     1 __rc0 = __basic_zp_start
    ca46     ca46        0     1 __rc1 = __rc0 + 1
    ca46     ca46        0     1 PROVIDE(__rc2 = __rc1 + 1)
    ca46     ca46        0     1 __rc3 = __rc2 + 1
    ca46     ca46        0     1 PROVIDE(__rc4 = __rc3 + 1)
    ca46     ca46        0     1 __rc5 = __rc4 + 1
    ca46     ca46        0     1 PROVIDE(__rc6 = __rc5 + 1)
    ca46     ca46        0     1 __rc7 = __rc6 + 1
    ca46     ca46        0     1 PROVIDE(__rc8 = __rc7 + 1)
    ca46     ca46        0     1 __rc9 = __rc8 + 1
    ca46     ca46        0     1 PROVIDE(__rc10 = __rc9 + 1)
    ca46     ca46        0     1 __rc11 = __rc10 + 1
    ca46     ca46        0     1 PROVIDE(__rc12 = __rc11 + 1)
    ca46     ca46        0     1 __rc13 = __rc12 + 1
    ca46     ca46        0     1 PROVIDE(__rc14 = __rc13 + 1)
    ca46     ca46        0     1 __rc15 = __rc14 + 1
    ca46     ca46        0     1 PROVIDE(__rc16 = __rc15 + 1)
    ca46     ca46        0     1 __rc17 = __rc16 + 1
    ca46     ca46        0     1 PROVIDE(__rc18 = __rc17 + 1)
    ca46     ca46        0     1 __rc19 = __rc18 + 1
    ca46     ca46        0     1 PROVIDE(__rc20 = __rc19 + 1)
    ca46     ca46        0     1 __rc21 = __rc20 + 1
    ca46     ca46        0     1 PROVIDE(__rc22 = __rc21 + 1)
    ca46     ca46        0     1 __rc23 = __rc22 + 1
    ca46     ca46        0     1 PROVIDE(__rc24 = __rc23 + 1)
    ca46     ca46        0     1 __rc25 = __rc24 + 1
    ca46     ca46        0     1 PROVIDE(__rc26 = __rc25 + 1)
    ca46     ca46        0     1 __rc27 = __rc26 + 1
    ca46     ca46        0     1 PROVIDE(__rc28 = __rc27 + 1)
    ca46     ca46        0     1 __rc29 = __rc28 + 1
    ca46     ca46        0     1 PROVIDE(__rc30 = __rc29 + 1)
    ca46     ca46        0     1 __rc31 = __rc30 + 1
    ca46     ca46        0     1 __basic_zp_size = __basic_zp_end - __basic_zp_start
    2001     2001       16     1 .basic_header
    2001     2001       16     1         /home/alex/Videos/lisp65-cp4-safety-20260712/tools/llvm-mos/bin/../mos-platform/mega65/lib/basic-header.o:(.basic_header)
    2015     2015        0     1                 next_line
      22     2017        c     1 .zp.data
      22     2017        0     1         __zp_data_start = .
      22     2017        c     1         /home/alex/Videos/lisp65-cp4-safety-20260712/build/c2.2/substitution/link28-v2-profile-data-placement-probe/v2-profile-data-placement-seed.prg.lto.o:(.zp.data)
      22     2017        2     1                 str_cur_off
      24     2019        2     1                 str_alt_off
      26     201b        8     1                 bndbit
      2e     2023        0     1 __zp_data_load_start = LOADADDR(.zp.data)
      2e     2023        0     1 __zp_data_size = SIZEOF(.zp.data)
      2e       2e       4f     1 .zp.bss
      2e       2e        0     1         __zp_bss_start = .
      2e       2e       4f     1         /home/alex/Videos/lisp65-cp4-safety-20260712/build/c2.2/substitution/link28-v2-profile-data-placement-probe/v2-profile-data-placement-seed.prg.lto.o:(.zp.bss)
      2e       2e        2     1                 c2_journal_count
      30       30        2     1                 cs_str
      32       32        1     1                 pending_code
      33       33        2     1                 disk_file_pos
      35       35        2     1                 disk_file_len
      37       37        2     1                 alloc_high
      39       39        2     1                 gc_frozen
      3b       3b        2     1                 freelist
      3d       3d        2     1                 gc_badobj
      3f       3f        2     1                 allocs_since_gc
      41       41        2     1                 ext_mark_lo
      43       43        2     1                 ext_mark_hi
      45       45        2     1                 str_top
      47       47        2     1                 str_frozen
      49       49        1     1                 reader_status
      4a       4a        1     1                 reader_error_code
      4b       4b        2     1                 rd_str
      4d       4d        2     1                 rd_sf
      4f       4f        1     1                 rd_sc
      50       50        1     1                 rd_sn
      51       51        1     1                 rd_depth
      52       52        1     1                 lisp_toplevel_active
      53       53        1     1                 screen_row
      54       54        2     1                 scr_base
      56       56        1     1                 cols_
      57       57        1     1                 rows_
      58       58        1     1                 cursor_on
      59       59        1     1                 crow
      5a       5a        1     1                 ccol
      5b       5b        2     1                 nsym
      5d       5d        1     1                 vm_status
      5e       5e        2     1                 vm_upvals
      60       60        2     1                 gc_rootsp
      62       62        2     1                 vm_workbench_error_symbols.0
      64       64        2     1                 vm_workbench_error_symbols.1
      66       66        2     1                 vm_workbench_error_symbols.5
      68       68        2     1                 vm_workbench_error_symbols.6
      6a       6a        2     1                 vm_workbench_error_symbols.7
      6c       6c        2     1                 vm_k_key
      6e       6e        1     1                 ov_started
      6f       6f        1     1                 vm_boot_overlay_status
      70       70        2     1                 rtov_call_context
      72       72        2     1                 rtov_call_result
      74       74        2     1                 rtov_batch_entry
      76       76        2     1                 rtov_repeat
      78       78        1     1                 rtov_batch_slot_id
      79       79        2     1                 rtov_loaded_len
      7b       7b        1     1                 rtov_busy
      7c       7c        1     1                 rtov_fault
      7d       7d        0     1 __zp_bss_size = SIZEOF(.zp.bss)
      7d       7d        c     1 .zp
      7d       7d        c     1         /home/alex/Videos/lisp65-cp4-safety-20260712/build/c2.2/substitution/link28-v2-profile-data-placement-probe/v2-profile-data-placement-seed.prg.lto.o:(.zp.noinit)
      89       89        7     1 .lisp65_c2_fixed_zp
      89       89        0     1         __lisp65_c2_fixed_zp_phase_owner = .
      89       89        1     1         /home/alex/Videos/lisp65-cp4-safety-20260712/build/c2.2/substitution/link28-v2-profile-data-placement-probe/v2-profile-data-placement-seed.prg.lto.o:(.lisp65_c2_fixed_zp.phase_owner)
      89       89        1     1                 c2_phase_owner
      8a       8a        0     1         __lisp65_c2_fixed_zp_pending_roots = .
      8a       8a        2     1         /home/alex/Videos/lisp65-cp4-safety-20260712/build/c2.2/substitution/link28-v2-profile-data-placement-probe/v2-profile-data-placement-seed.prg.lto.o:(.lisp65_c2_fixed_zp.pending_roots)
      8a       8a        2     1                 c2_pending_roots
      8c       8c        0     1         __lisp65_c2_fixed_zp_ready = .
      8c       8c        1     1         /home/alex/Videos/lisp65-cp4-safety-20260712/build/c2.2/substitution/link28-v2-profile-data-placement-probe/v2-profile-data-placement-seed.prg.lto.o:(.lisp65_c2_fixed_zp.ready)
      8c       8c        1     1                 c2_ready
      8d       8d        0     1         __lisp65_c2_fixed_zp_str_building = .
      8d       8d        2     1         /home/alex/Videos/lisp65-cp4-safety-20260712/build/c2.2/substitution/link28-v2-profile-data-placement-probe/v2-profile-data-placement-seed.prg.lto.o:(.lisp65_c2_fixed_zp.str_building)
      8d       8d        2     1                 str_building
      8f       8f        0     1         __lisp65_c2_fixed_zp_mem_oom = .
      8f       8f        1     1         /home/alex/Videos/lisp65-cp4-safety-20260712/build/c2.2/substitution/link28-v2-profile-data-placement-probe/v2-profile-data-placement-seed.prg.lto.o:(.lisp65_c2_fixed_zp.mem_oom)
      8f       8f        1     1                 mem_oom
    2023     2023     93b0     1 .text
    2023     2023        0     1         _init = .
    2023     2023        0     1         _start = .
    2023     2023        e     1         /home/alex/Videos/lisp65-cp4-safety-20260712/tools/llvm-mos/bin/../mos-platform/mega65/lib/unmap-basic.o:(.init.010)
    2031     2031        8     1         /home/alex/Videos/lisp65-cp4-safety-20260712/tools/llvm-mos/bin/../mos-platform/mega65/lib/libcrt0.a(init-stack.S.obj):(.init.100)
    2031     2031        0     1                 __do_init_stack
    2039     2039        3     1         /home/alex/Videos/lisp65-cp4-safety-20260712/tools/llvm-mos/bin/../mos-platform/mega65/lib/libcrt0.a(zero-bss.c.obj):(.init.200)
    2039     2039        0     1                 __do_zero_bss
    203c     203c        3     1         /home/alex/Videos/lisp65-cp4-safety-20260712/tools/llvm-mos/bin/../mos-platform/mega65/lib/libcrt0.a(zero-zp-bss.c.obj):(.init.200)
    203c     203c        0     1                 __do_zero_zp_bss
    203f     203f        3     1         /home/alex/Videos/lisp65-cp4-safety-20260712/tools/llvm-mos/bin/../mos-platform/mega65/lib/libcrt0.a(copy-zp-data.c.obj):(.init.200)
    203f     203f        0     1                 __do_copy_zp_data
    2042     2042        5     1         /home/alex/Videos/lisp65-cp4-safety-20260712/build/c2.2/substitution/link28-v2-profile-data-placement-probe/v2-profile-data-placement-seed.prg.lto.o:(.init.250)
    2042     2042        0     1                 shift
    2047     2047        3     1         /home/alex/Videos/lisp65-cp4-safety-20260712/tools/llvm-mos/bin/../mos-platform/common/lib/crt0.o:(.call_main)
    204a     204a        3     1         /home/alex/Videos/lisp65-cp4-safety-20260712/tools/llvm-mos/bin/../mos-platform/mega65/lib/libcrt0.a(exit-custom.S.obj):(.after_main)
    204a     204a        0     1                 __after_main
    204d     204d        0     1         _fini = .
    204d     204d        a     1         /home/alex/Videos/lisp65-cp4-safety-20260712/tools/llvm-mos/bin/../mos-platform/mega65/lib/unmap-basic.o:(.fini.990)
    2057     2057        1     1         /home/alex/Videos/lisp65-cp4-safety-20260712/tools/llvm-mos/bin/../mos-platform/common/lib/crt0.o:(.fini_rts)
    2058     2058       ac     1         /tmp/mega65_math-9cece1.o:(.text.mega65_math_div)
    2058     2058        4     1                 lisp65_hw_udivhi3
    205c     205c        4     1                 lisp65_hw_umodhi3
    2060     2060       a4     1                 lisp65_hw_udivmodhi4
    2104     2104       69     1         /tmp/mega65_math-9cece1.o:(.text.mega65_math_sdiv)
    2104     2104        4     1                 lisp65_hw_divhi3
    2108     2108       65     1                 lisp65_hw_modhi3
    216d     216d       1e     1         /tmp/mega65_math-9cece1.o:(.text.mega65_math_mod_adjust)
    216d     216d       1e     1                 lisp65_mod_adjust_tagged
    218b     218b       2c     1         /tmp/mega65_math-9cece1.o:(.text.mega65_math_mul)
    218b     218b       2c     1                 lisp65_hw_mulhi3
    21b7     21b7       3e     1         /tmp/f011_guarded_write-b0037c.o:(.text.lisp65_f011_mount_token_op)
    21b7     21b7       3e     1                 lisp65_f011_mount_token_op
    21f5     21f5       38     1         /tmp/f011_guarded_write-b0037c.o:(.text.lisp65_f011_scratch_buffer)
    21f5     21f5       38     1                 lisp65_f011_scratch_buffer
    222d     222d       13     1         /home/alex/Videos/lisp65-cp4-safety-20260712/tools/llvm-mos/bin/../mos-platform/mega65/lib/libcrt0.a(zero-bss.c.obj):(.text.__zero_bss)
    222d     222d       13     1                 __zero_bss
    2240     2240       67     1         /home/alex/Videos/lisp65-cp4-safety-20260712/tools/llvm-mos/bin/../mos-platform/mega65/lib/libc.a(setjmp.S.obj):(.text.setjmp)
    2240     2240        0     1                 setjmp
    22a7     22a7       6b     1         /home/alex/Videos/lisp65-cp4-safety-20260712/tools/llvm-mos/bin/../mos-platform/mega65/lib/libc.a(setjmp.S.obj):(.text.longjmp)
    22a7     22a7        0     1                 longjmp
    2312     2312        3     1         /home/alex/Videos/lisp65-cp4-safety-20260712/tools/llvm-mos/bin/../mos-platform/common/lib/libcrt.a(call-indir.S.obj):(.text)
    2312     2312        0     1                 __call_indir
    2315     2315       13     1         /home/alex/Videos/lisp65-cp4-safety-20260712/tools/llvm-mos/bin/../mos-platform/mega65/lib/libcrt0.a(zero-zp-bss.c.obj):(.text.__zero_zp_bss)
    2315     2315       13     1                 __zero_zp_bss
    2328     2328       17     1         /home/alex/Videos/lisp65-cp4-safety-20260712/tools/llvm-mos/bin/../mos-platform/mega65/lib/libcrt0.a(copy-zp-data.c.obj):(.text.__copy_zp_data)
    2328     2328       17     1                 __copy_zp_data
    233f     233f       43     1         /home/alex/Videos/lisp65-cp4-safety-20260712/build/c2.2/substitution/link28-v2-profile-data-placement-probe/v2-profile-data-placement-seed.prg.lto.o:(.text.cell_type)
    233f     233f       43     1                 cell_type
    233f     233f       43     1                 cell_type.6
    233f     233f       43     1                 cell_type.16
    233f     233f       43     1                 cell_type.155
    233f     233f       43     1                 cell_type.65
    233f     233f       43     1                 cell_type.90
    2382     2382       44     1         /home/alex/Videos/lisp65-cp4-safety-20260712/build/c2.2/substitution/link28-v2-profile-data-placement-probe/v2-profile-data-placement-seed.prg.lto.o:(.text.c2_facade_target_c2_dma)
    2382     2382       44     1                 c2_facade_target_c2_dma
    23c6     23c6       26     1         /home/alex/Videos/lisp65-cp4-safety-20260712/build/c2.2/substitution/link28-v2-profile-data-placement-probe/v2-profile-data-placement-seed.prg.lto.o:(.text.vm_code_load)
    23c6     23c6       26     1                 vm_code_load
    23ec     23ec       2a     1         /home/alex/Videos/lisp65-cp4-safety-20260712/build/c2.2/substitution/link28-v2-profile-data-placement-probe/v2-profile-data-placement-seed.prg.lto.o:(.text.sympool_read)
    23ec     23ec       2a     1                 sympool_read
    2416     2416       57     1         /home/alex/Videos/lisp65-cp4-safety-20260712/build/c2.2/substitution/link28-v2-profile-data-placement-probe/v2-profile-data-placement-seed.prg.lto.o:(.text.symval_set)
    2416     2416       57     1                 symval_set
    246d     246d       69     1         /home/alex/Videos/lisp65-cp4-safety-20260712/build/c2.2/substitution/link28-v2-profile-data-placement-probe/v2-profile-data-placement-seed.prg.lto.o:(.text.nameoff_get)
    246d     246d       69     1                 nameoff_get
    24d6     24d6       57     1         /home/alex/Videos/lisp65-cp4-safety-20260712/build/c2.2/substitution/link28-v2-profile-data-placement-probe/v2-profile-data-placement-seed.prg.lto.o:(.text.symfn_ext_set)
    24d6     24d6       57     1                 symfn_ext_set
    252d     252d       58     1         /home/alex/Videos/lisp65-cp4-safety-20260712/build/c2.2/substitution/link28-v2-profile-data-placement-probe/v2-profile-data-placement-seed.prg.lto.o:(.text.c2_facade_target_overlay_call_family)
    252d     252d       58     1                 c2_facade_target_overlay_call_family
    2585     2585      38f     1         /home/alex/Videos/lisp65-cp4-safety-20260712/build/c2.2/substitution/link28-v2-profile-data-placement-probe/v2-profile-data-placement-seed.prg.lto.o:(.text.c2_product_entry_read)
    2585     2585      38f     1                 c2_product_entry_read
    2914     2914       60     1         /home/alex/Videos/lisp65-cp4-safety-20260712/build/c2.2/substitution/link28-v2-profile-data-placement-probe/v2-profile-data-placement-seed.prg.lto.o:(.text.c2_facade_target_c2e_overlay)
    2914     2914       60     1                 c2_facade_target_c2e_overlay
    2974     2974       3f     1         /home/alex/Videos/lisp65-cp4-safety-20260712/build/c2.2/substitution/link28-v2-profile-data-placement-probe/v2-profile-data-placement-seed.prg.lto.o:(.text.c2e_symbol)
    2974     2974       3f     1                 c2e_symbol
    2974     2974       3f     1                 is_sym
    29b3     29b3       2b     1         /home/alex/Videos/lisp65-cp4-safety-20260712/build/c2.2/substitution/link28-v2-profile-data-placement-probe/v2-profile-data-placement-seed.prg.lto.o:(.text.c2e_w16)
    29b3     29b3       2b     1                 c2e_w16
    29de     29de        c     1         /home/alex/Videos/lisp65-cp4-safety-20260712/build/c2.2/substitution/link28-v2-profile-data-placement-probe/v2-profile-data-placement-seed.prg.lto.o:(.text.c2e_put)
    29de     29de        c     1                 c2e_put
    29ea     29ea       4a     1         /home/alex/Videos/lisp65-cp4-safety-20260712/build/c2.2/substitution/link28-v2-profile-data-placement-probe/v2-profile-data-placement-seed.prg.lto.o:(.text.c2e_w24)
    29ea     29ea       4a     1                 c2e_w24
    2a34     2a34        c     1         /home/alex/Videos/lisp65-cp4-safety-20260712/build/c2.2/substitution/link28-v2-profile-data-placement-probe/v2-profile-data-placement-seed.prg.lto.o:(.text.c2e_get)
    2a34     2a34        c     1                 c2e_get
    2a40     2a40       3f     1         /home/alex/Videos/lisp65-cp4-safety-20260712/build/c2.2/substitution/link28-v2-profile-data-placement-probe/v2-profile-data-placement-seed.prg.lto.o:(.text.c2e_w32)
    2a40     2a40       3f     1                 c2e_w32
    2a7f     2a7f       4f     1         /home/alex/Videos/lisp65-cp4-safety-20260712/build/c2.2/substitution/link28-v2-profile-data-placement-probe/v2-profile-data-placement-seed.prg.lto.o:(.text.cell_set_a)
    2a7f     2a7f       4f     1                 cell_set_a
    2a7f     2a7f       4f     1                 cell_set_a.61
    2a7f     2a7f       4f     1                 cell_set_a.156
    2ace     2ace       5d     1         /home/alex/Videos/lisp65-cp4-safety-20260712/build/c2.2/substitution/link28-v2-profile-data-placement-probe/v2-profile-data-placement-seed.prg.lto.o:(.text.cell_set_b)
    2ace     2ace       5d     1                 cell_set_b
    2b2b     2b2b       2d     1         /home/alex/Videos/lisp65-cp4-safety-20260712/build/c2.2/substitution/link28-v2-profile-data-placement-probe/v2-profile-data-placement-seed.prg.lto.o:(.text.car)
    2b2b     2b2b       2d     1                 car
    2b58     2b58       55     1         /home/alex/Videos/lisp65-cp4-safety-20260712/build/c2.2/substitution/link28-v2-profile-data-placement-probe/v2-profile-data-placement-seed.prg.lto.o:(.text.cell_a)
    2b58     2b58       55     1                 cell_a
    2b58     2b58       55     1                 cell_a.153
    2b58     2b58       55     1                 cell_a.47
    2bad     2bad       2d     1         /home/alex/Videos/lisp65-cp4-safety-20260712/build/c2.2/substitution/link28-v2-profile-data-placement-probe/v2-profile-data-placement-seed.prg.lto.o:(.text.cdr)
    2bad     2bad       2d     1                 cdr
    2bda     2bda       5f     1         /home/alex/Videos/lisp65-cp4-safety-20260712/build/c2.2/substitution/link28-v2-profile-data-placement-probe/v2-profile-data-placement-seed.prg.lto.o:(.text.cell_b)
    2bda     2bda       5f     1                 cell_b
    2bda     2bda       5f     1                 cell_b.154
    2bda     2bda       5f     1                 cell_b.48
    2c39     2c39      9a8     1         /home/alex/Videos/lisp65-cp4-safety-20260712/build/c2.2/substitution/link28-v2-profile-data-placement-probe/v2-profile-data-placement-seed.prg.lto.o:(.text.eval_v2_workbench_service)
    2c39     2c39      9a8     1                 eval_v2_workbench_service
    35e1     35e1       a9     1         /home/alex/Videos/lisp65-cp4-safety-20260712/build/c2.2/substitution/link28-v2-profile-data-placement-probe/v2-profile-data-placement-seed.prg.lto.o:(.text.cs_fetch)
    35e1     35e1       a9     1                 cs_fetch
    368a     368a       2f     1         /home/alex/Videos/lisp65-cp4-safety-20260712/build/c2.2/substitution/link28-v2-profile-data-placement-probe/v2-profile-data-placement-seed.prg.lto.o:(.text.vm_check_status)
    368a     368a       2f     1                 vm_check_status
    36b9     36b9      103     1         /home/alex/Videos/lisp65-cp4-safety-20260712/build/c2.2/substitution/link28-v2-profile-data-placement-probe/v2-profile-data-placement-seed.prg.lto.o:(.text.eval_vm_native_apply_checked)
    36b9     36b9      103     1                 eval_vm_native_apply_checked
    37bc     37bc      104     1         /home/alex/Videos/lisp65-cp4-safety-20260712/build/c2.2/substitution/link28-v2-profile-data-placement-probe/v2-profile-data-placement-seed.prg.lto.o:(.text.eval)
    37bc     37bc      104     1                 eval
    38c0     38c0       2d     1         /home/alex/Videos/lisp65-cp4-safety-20260712/build/c2.2/substitution/link28-v2-profile-data-placement-probe/v2-profile-data-placement-seed.prg.lto.o:(.text.lisp_abort_symbol)
    38c0     38c0       2d     1                 lisp_abort_symbol
    38ed     38ed        7     1         /home/alex/Videos/lisp65-cp4-safety-20260712/build/c2.2/substitution/link28-v2-profile-data-placement-probe/v2-profile-data-placement-seed.prg.lto.o:(.text.lisp_abort_code)
    38ed     38ed        7     1                 lisp_abort_code
    38f4     38f4      13d     1         /home/alex/Videos/lisp65-cp4-safety-20260712/build/c2.2/substitution/link28-v2-profile-data-placement-probe/v2-profile-data-placement-seed.prg.lto.o:(.text.lisp65_error_render_pending)
    38f4     38f4      13d     1                 lisp65_error_render_pending
    3a31     3a31       80     1         /home/alex/Videos/lisp65-cp4-safety-20260712/build/c2.2/substitution/link28-v2-profile-data-placement-probe/v2-profile-data-placement-seed.prg.lto.o:(.text.lisp_input_event)
    3a31     3a31       80     1                 lisp_input_event
    3ab1     3ab1       58     1         /home/alex/Videos/lisp65-cp4-safety-20260712/build/c2.2/substitution/link28-v2-profile-data-placement-probe/v2-profile-data-placement-seed.prg.lto.o:(.text.io_disk_read_sector)
    3ab1     3ab1       58     1                 io_disk_read_sector
    3b09     3b09       77     1         /home/alex/Videos/lisp65-cp4-safety-20260712/build/c2.2/substitution/link28-v2-profile-data-placement-probe/v2-profile-data-placement-seed.prg.lto.o:(.text.f011_read_at)
    3b09     3b09       77     1                 f011_read_at
    3b80     3b80        5     1         /home/alex/Videos/lisp65-cp4-safety-20260712/build/c2.2/substitution/link28-v2-profile-data-placement-probe/v2-profile-data-placement-seed.prg.lto.o:(.text.io_disk_transaction_capture_mount_token)
    3b80     3b80        5     1                 io_disk_transaction_capture_mount_token
    3b85     3b85       1b     1         /home/alex/Videos/lisp65-cp4-safety-20260712/build/c2.2/substitution/link28-v2-profile-data-placement-probe/v2-profile-data-placement-seed.prg.lto.o:(.text.io_disk_transaction_classify_status)
    3b85     3b85       1b     1                 io_disk_transaction_classify_status
    3ba0     3ba0       8e     1         /home/alex/Videos/lisp65-cp4-safety-20260712/build/c2.2/substitution/link28-v2-profile-data-placement-probe/v2-profile-data-placement-seed.prg.lto.o:(.text.io_disk_write_sector_guarded)
    3ba0     3ba0       8e     1                 io_disk_write_sector_guarded
    3c2e     3c2e       73     1         /home/alex/Videos/lisp65-cp4-safety-20260712/build/c2.2/substitution/link28-v2-profile-data-placement-probe/v2-profile-data-placement-seed.prg.lto.o:(.text.f011_issue_write_guarded)
    3c2e     3c2e       73     1                 f011_issue_write_guarded
    3ca1     3ca1      144     1         /home/alex/Videos/lisp65-cp4-safety-20260712/build/c2.2/substitution/link28-v2-profile-data-placement-probe/v2-profile-data-placement-seed.prg.lto.o:(.text.disk_chain_to_scratch)
    3ca1     3ca1      144     1                 disk_chain_to_scratch
    3de5     3de5      230     1         /home/alex/Videos/lisp65-cp4-safety-20260712/build/c2.2/substitution/link28-v2-profile-data-placement-probe/v2-profile-data-placement-seed.prg.lto.o:(.text.main)
    3de5     3de5      230     1                 main
    4015     4015       44     1         /home/alex/Videos/lisp65-cp4-safety-20260712/build/c2.2/substitution/link28-v2-profile-data-placement-probe/v2-profile-data-placement-seed.prg.lto.o:(.text.ext_dma)
    4015     4015       44     1                 ext_dma
    4059     4059       39     1         /home/alex/Videos/lisp65-cp4-safety-20260712/build/c2.2/substitution/link28-v2-profile-data-placement-probe/v2-profile-data-placement-seed.prg.lto.o:(.text.ext_b)
    4059     4059       39     1                 ext_b
    4092     4092       39     1         /home/alex/Videos/lisp65-cp4-safety-20260712/build/c2.2/substitution/link28-v2-profile-data-placement-probe/v2-profile-data-placement-seed.prg.lto.o:(.text.ext_a)
    4092     4092       39     1                 ext_a
    40cb     40cb       22     1         /home/alex/Videos/lisp65-cp4-safety-20260712/build/c2.2/substitution/link28-v2-profile-data-placement-probe/v2-profile-data-placement-seed.prg.lto.o:(.text.str_write_byte)
    40cb     40cb       22     1                 str_write_byte
    40ed     40ed        f     1         /home/alex/Videos/lisp65-cp4-safety-20260712/build/c2.2/substitution/link28-v2-profile-data-placement-probe/v2-profile-data-placement-seed.prg.lto.o:(.text.str_len)
    40ed     40ed        f     1                 str_len
    40fc     40fc       2c     1         /home/alex/Videos/lisp65-cp4-safety-20260712/build/c2.2/substitution/link28-v2-profile-data-placement-probe/v2-profile-data-placement-seed.prg.lto.o:(.text.str_byte)
    40fc     40fc       2c     1                 str_byte
    4128     4128       26     1         /home/alex/Videos/lisp65-cp4-safety-20260712/build/c2.2/substitution/link28-v2-profile-data-placement-probe/v2-profile-data-placement-seed.prg.lto.o:(.text.str_read_byte)
    4128     4128       26     1                 str_read_byte
    414e     414e       2e     1         /home/alex/Videos/lisp65-cp4-safety-20260712/build/c2.2/substitution/link28-v2-profile-data-placement-probe/v2-profile-data-placement-seed.prg.lto.o:(.text.ext_set_type)
    414e     414e       2e     1                 ext_set_type
    417c     417c      119     1         /home/alex/Videos/lisp65-cp4-safety-20260712/build/c2.2/substitution/link28-v2-profile-data-placement-probe/v2-profile-data-placement-seed.prg.lto.o:(.text.alloc)
    417c     417c      119     1                 alloc
    4295     4295       5c     1         /home/alex/Videos/lisp65-cp4-safety-20260712/build/c2.2/substitution/link28-v2-profile-data-placement-probe/v2-profile-data-placement-seed.prg.lto.o:(.text.cell_set_b.62)
    4295     4295       5c     1                 cell_set_b.62
    4295     4295       5c     1                 cell_set_b.98
    42f1     42f1      5cb     1         /home/alex/Videos/lisp65-cp4-safety-20260712/build/c2.2/substitution/link28-v2-profile-data-placement-probe/v2-profile-data-placement-seed.prg.lto.o:(.text.gc_collect)
    42f1     42f1      5cb     1                 gc_collect
    48bc     48bc       e7     1         /home/alex/Videos/lisp65-cp4-safety-20260712/build/c2.2/substitution/link28-v2-profile-data-placement-probe/v2-profile-data-placement-seed.prg.lto.o:(.text.gc_mark1)
    48bc     48bc       e7     1                 gc_mark1
    49a3     49a3       9b     1         /home/alex/Videos/lisp65-cp4-safety-20260712/build/c2.2/substitution/link28-v2-profile-data-placement-probe/v2-profile-data-placement-seed.prg.lto.o:(.text.gc_mark_spine)
    49a3     49a3       9b     1                 gc_mark_spine
    4a3e     4a3e       36     1         /home/alex/Videos/lisp65-cp4-safety-20260712/build/c2.2/substitution/link28-v2-profile-data-placement-probe/v2-profile-data-placement-seed.prg.lto.o:(.text.ext_type)
    4a3e     4a3e       36     1                 ext_type
    4a74     4a74       41     1         /home/alex/Videos/lisp65-cp4-safety-20260712/build/c2.2/substitution/link28-v2-profile-data-placement-probe/v2-profile-data-placement-seed.prg.lto.o:(.text.str_copy_to_alt)
    4a74     4a74       41     1                 str_copy_to_alt
    4ab5     4ab5       dd     1         /home/alex/Videos/lisp65-cp4-safety-20260712/build/c2.2/substitution/link28-v2-profile-data-placement-probe/v2-profile-data-placement-seed.prg.lto.o:(.text.str_relocate)
    4ab5     4ab5       dd     1                 str_relocate
    4b92     4b92       37     1         /home/alex/Videos/lisp65-cp4-safety-20260712/build/c2.2/substitution/link28-v2-profile-data-placement-probe/v2-profile-data-placement-seed.prg.lto.o:(.text.ext_set_b)
    4b92     4b92       37     1                 ext_set_b
    4bc9     4bc9       37     1         /home/alex/Videos/lisp65-cp4-safety-20260712/build/c2.2/substitution/link28-v2-profile-data-placement-probe/v2-profile-data-placement-seed.prg.lto.o:(.text.ext_set_a)
    4bc9     4bc9       37     1                 ext_set_a
    4c00     4c00        5     1         /home/alex/Videos/lisp65-cp4-safety-20260712/build/c2.2/substitution/link28-v2-profile-data-placement-probe/v2-profile-data-placement-seed.prg.lto.o:(.text.alloc_oom)
    4c00     4c00        5     1                 alloc_oom
    4c05     4c05       22     1         /home/alex/Videos/lisp65-cp4-safety-20260712/build/c2.2/substitution/link28-v2-profile-data-placement-probe/v2-profile-data-placement-seed.prg.lto.o:(.text.ext_disk_put)
    4c05     4c05       22     1                 ext_disk_put
    4c27     4c27       26     1         /home/alex/Videos/lisp65-cp4-safety-20260712/build/c2.2/substitution/link28-v2-profile-data-placement-probe/v2-profile-data-placement-seed.prg.lto.o:(.text.ext_disk_get)
    4c27     4c27       26     1                 ext_disk_get
    4c4d     4c4d      1a4     1         /home/alex/Videos/lisp65-cp4-safety-20260712/build/c2.2/substitution/link28-v2-profile-data-placement-probe/v2-profile-data-placement-seed.prg.lto.o:(.text.gc_mark)
    4c4d     4c4d      1a4     1                 gc_mark
    4df1     4df1       e8     1         /home/alex/Videos/lisp65-cp4-safety-20260712/build/c2.2/substitution/link28-v2-profile-data-placement-probe/v2-profile-data-placement-seed.prg.lto.o:(.text.cons)
    4df1     4df1       e8     1                 cons
    4ed9     4ed9       c4     1         /home/alex/Videos/lisp65-cp4-safety-20260712/build/c2.2/substitution/link28-v2-profile-data-placement-probe/v2-profile-data-placement-seed.prg.lto.o:(.text.str_open)
    4ed9     4ed9       c4     1                 str_open
    4f9d     4f9d      13f     1         /home/alex/Videos/lisp65-cp4-safety-20260712/build/c2.2/substitution/link28-v2-profile-data-placement-probe/v2-profile-data-placement-seed.prg.lto.o:(.text.str_putc)
    4f9d     4f9d      13f     1                 str_putc
    50dc     50dc       12     1         /home/alex/Videos/lisp65-cp4-safety-20260712/build/c2.2/substitution/link28-v2-profile-data-placement-probe/v2-profile-data-placement-seed.prg.lto.o:(.text.emit)
    50dc     50dc       12     1                 emit
    50ee     50ee       14     1         /home/alex/Videos/lisp65-cp4-safety-20260712/build/c2.2/substitution/link28-v2-profile-data-placement-probe/v2-profile-data-placement-seed.prg.lto.o:(.text.emit_str)
    50ee     50ee       14     1                 emit_str
    5102     5102      302     1         /home/alex/Videos/lisp65-cp4-safety-20260712/build/c2.2/substitution/link28-v2-profile-data-placement-probe/v2-profile-data-placement-seed.prg.lto.o:(.text.print_obj)
    5102     5102      302     1                 print_obj
    5404     5404       47     1         /home/alex/Videos/lisp65-cp4-safety-20260712/build/c2.2/substitution/link28-v2-profile-data-placement-probe/v2-profile-data-placement-seed.prg.lto.o:(.text.reader_from_fetch)
    5404     5404       47     1                 reader_from_fetch
    544b     544b       28     1         /home/alex/Videos/lisp65-cp4-safety-20260712/build/c2.2/substitution/link28-v2-profile-data-placement-probe/v2-profile-data-placement-seed.prg.lto.o:(.text.reader_skip_peek)
    544b     544b       28     1                 reader_skip_peek
    5473     5473       7f     1         /home/alex/Videos/lisp65-cp4-safety-20260712/build/c2.2/substitution/link28-v2-profile-data-placement-probe/v2-profile-data-placement-seed.prg.lto.o:(.text.skip_ws)
    5473     5473       7f     1                 skip_ws
    54f2     54f2       39     1         /home/alex/Videos/lisp65-cp4-safety-20260712/build/c2.2/substitution/link28-v2-profile-data-placement-probe/v2-profile-data-placement-seed.prg.lto.o:(.text.rd_next)
    54f2     54f2       39     1                 rd_next
    552b     552b      34e     1         /home/alex/Videos/lisp65-cp4-safety-20260712/build/c2.2/substitution/link28-v2-profile-data-placement-probe/v2-profile-data-placement-seed.prg.lto.o:(.text.read_expr_1)
    552b     552b      34e     1                 read_expr_1
    5879     5879       3f     1         /home/alex/Videos/lisp65-cp4-safety-20260712/build/c2.2/substitution/link28-v2-profile-data-placement-probe/v2-profile-data-placement-seed.prg.lto.o:(.text.reader_finish)
    5879     5879       3f     1                 reader_finish
    58b8     58b8        7     1         /home/alex/Videos/lisp65-cp4-safety-20260712/build/c2.2/substitution/link28-v2-profile-data-placement-probe/v2-profile-data-placement-seed.prg.lto.o:(.text.reader_fail)
    58b8     58b8        7     1                 reader_fail
    58bf     58bf      124     1         /home/alex/Videos/lisp65-cp4-safety-20260712/build/c2.2/substitution/link28-v2-profile-data-placement-probe/v2-profile-data-placement-seed.prg.lto.o:(.text.read_string)
    58bf     58bf      124     1                 read_string
    59e3     59e3      125     1         /home/alex/Videos/lisp65-cp4-safety-20260712/build/c2.2/substitution/link28-v2-profile-data-placement-probe/v2-profile-data-placement-seed.prg.lto.o:(.text.sugar)
    59e3     59e3      125     1                 sugar
    5b08     5b08       27     1         /home/alex/Videos/lisp65-cp4-safety-20260712/build/c2.2/substitution/link28-v2-profile-data-placement-probe/v2-profile-data-placement-seed.prg.lto.o:(.text.rd_peek2)
    5b08     5b08       27     1                 rd_peek2
    5b2f     5b2f       2f     1         /home/alex/Videos/lisp65-cp4-safety-20260712/build/c2.2/substitution/link28-v2-profile-data-placement-probe/v2-profile-data-placement-seed.prg.lto.o:(.text.is_delim)
    5b2f     5b2f       2f     1                 is_delim
    5b5e     5b5e      1f3     1         /home/alex/Videos/lisp65-cp4-safety-20260712/build/c2.2/substitution/link28-v2-profile-data-placement-probe/v2-profile-data-placement-seed.prg.lto.o:(.text.read_atom)
    5b5e     5b5e      1f3     1                 read_atom
    5d51     5d51       29     1         /home/alex/Videos/lisp65-cp4-safety-20260712/build/c2.2/substitution/link28-v2-profile-data-placement-probe/v2-profile-data-placement-seed.prg.lto.o:(.text.read_expr_stream)
    5d51     5d51       29     1                 read_expr_stream
    5d7a     5d7a      2cb     1         /home/alex/Videos/lisp65-cp4-safety-20260712/build/c2.2/substitution/link28-v2-profile-data-placement-probe/v2-profile-data-placement-seed.prg.lto.o:(.text.repl)
    5d7a     5d7a      2cb     1                 repl
    6045     6045       77     1         /home/alex/Videos/lisp65-cp4-safety-20260712/build/c2.2/substitution/link28-v2-profile-data-placement-probe/v2-profile-data-placement-seed.prg.lto.o:(.text.scr_init)
    6045     6045       77     1                 scr_init
    60bc     60bc       1a     1         /home/alex/Videos/lisp65-cp4-safety-20260712/build/c2.2/substitution/link28-v2-profile-data-placement-probe/v2-profile-data-placement-seed.prg.lto.o:(.text.scr_clear)
    60bc     60bc       1a     1                 scr_clear
    60d6     60d6       38     1         /home/alex/Videos/lisp65-cp4-safety-20260712/build/c2.2/substitution/link28-v2-profile-data-placement-probe/v2-profile-data-placement-seed.prg.lto.o:(.text.fill_row)
    60d6     60d6       38     1                 fill_row
    610e     610e       41     1         /home/alex/Videos/lisp65-cp4-safety-20260712/build/c2.2/substitution/link28-v2-profile-data-placement-probe/v2-profile-data-placement-seed.prg.lto.o:(.text.scr_cursor)
    610e     610e       41     1                 scr_cursor
    614f     614f       c9     1         /home/alex/Videos/lisp65-cp4-safety-20260712/build/c2.2/substitution/link28-v2-profile-data-placement-probe/v2-profile-data-placement-seed.prg.lto.o:(.text.scr_putc)
    614f     614f       c9     1                 scr_putc
    6218     6218       32     1         /home/alex/Videos/lisp65-cp4-safety-20260712/build/c2.2/substitution/link28-v2-profile-data-placement-probe/v2-profile-data-placement-seed.prg.lto.o:(.text.to_screen)
    6218     6218       32     1                 to_screen
    624a     624a      15d     1         /home/alex/Videos/lisp65-cp4-safety-20260712/build/c2.2/substitution/link28-v2-profile-data-placement-probe/v2-profile-data-placement-seed.prg.lto.o:(.text.sym_lookup)
    624a     624a      15d     1                 sym_lookup
    63a7     63a7      1dd     1         /home/alex/Videos/lisp65-cp4-safety-20260712/build/c2.2/substitution/link28-v2-profile-data-placement-probe/v2-profile-data-placement-seed.prg.lto.o:(.text.intern)
    63a7     63a7      1dd     1                 intern
    6584     6584       a4     1         /home/alex/Videos/lisp65-cp4-safety-20260712/build/c2.2/substitution/link28-v2-profile-data-placement-probe/v2-profile-data-placement-seed.prg.lto.o:(.text.symname)
    6584     6584       a4     1                 symname
    6628     6628       6c     1         /home/alex/Videos/lisp65-cp4-safety-20260712/build/c2.2/substitution/link28-v2-profile-data-placement-probe/v2-profile-data-placement-seed.prg.lto.o:(.text.sym_value)
    6628     6628       6c     1                 sym_value
    6694     6694       7e     1         /home/alex/Videos/lisp65-cp4-safety-20260712/build/c2.2/substitution/link28-v2-profile-data-placement-probe/v2-profile-data-placement-seed.prg.lto.o:(.text.sidx)
    6694     6694       7e     1                 sidx
    6712     6712       57     1         /home/alex/Videos/lisp65-cp4-safety-20260712/build/c2.2/substitution/link28-v2-profile-data-placement-probe/v2-profile-data-placement-seed.prg.lto.o:(.text.set_sym_value)
    6712     6712       57     1                 set_sym_value
    6769     6769       33     1         /home/alex/Videos/lisp65-cp4-safety-20260712/build/c2.2/substitution/link28-v2-profile-data-placement-probe/v2-profile-data-placement-seed.prg.lto.o:(.text.sym_boundp)
    6769     6769       33     1                 sym_boundp
    679c     679c       6c     1         /home/alex/Videos/lisp65-cp4-safety-20260712/build/c2.2/substitution/link28-v2-profile-data-placement-probe/v2-profile-data-placement-seed.prg.lto.o:(.text.sym_function)
    679c     679c       6c     1                 sym_function
    6808     6808       8c     1         /home/alex/Videos/lisp65-cp4-safety-20260712/build/c2.2/substitution/link28-v2-profile-data-placement-probe/v2-profile-data-placement-seed.prg.lto.o:(.text.set_sym_function)
    6808     6808       8c     1                 set_sym_function
    6894     6894       89     1         /home/alex/Videos/lisp65-cp4-safety-20260712/build/c2.2/substitution/link28-v2-profile-data-placement-probe/v2-profile-data-placement-seed.prg.lto.o:(.text.vm_run_dir)
    6894     6894       89     1                 vm_run_dir
    691d     691d       27     1         /home/alex/Videos/lisp65-cp4-safety-20260712/build/c2.2/substitution/link28-v2-profile-data-placement-probe/v2-profile-data-placement-seed.prg.lto.o:(.text.vm_run)
    691d     691d       27     1                 vm_run
    6944     6944     1f2f     1         /home/alex/Videos/lisp65-cp4-safety-20260712/build/c2.2/substitution/link28-v2-profile-data-placement-probe/v2-profile-data-placement-seed.prg.lto.o:(.text.vm_run_inner)
    6944     6944     1f2f     1                 vm_run_inner
    8873     8873       38     1         /home/alex/Videos/lisp65-cp4-safety-20260712/build/c2.2/substitution/link28-v2-profile-data-placement-probe/v2-profile-data-placement-seed.prg.lto.o:(.text.vm_arity_accepts)
    8873     8873       38     1                 vm_arity_accepts
    88ab     88ab      282     1         /home/alex/Videos/lisp65-cp4-safety-20260712/build/c2.2/substitution/link28-v2-profile-data-placement-probe/v2-profile-data-placement-seed.prg.lto.o:(.text.vm_frame_fill)
    88ab     88ab      282     1                 vm_frame_fill
    8b2d     8b2d      133     1         /home/alex/Videos/lisp65-cp4-safety-20260712/build/c2.2/substitution/link28-v2-profile-data-placement-probe/v2-profile-data-placement-seed.prg.lto.o:(.text.vm_fixbinop)
    8b2d     8b2d      133     1                 vm_fixbinop
    8c60     8c60       32     1         /home/alex/Videos/lisp65-cp4-safety-20260712/build/c2.2/substitution/link28-v2-profile-data-placement-probe/v2-profile-data-placement-seed.prg.lto.o:(.text.dir_find)
    8c60     8c60       32     1                 dir_find
    8c92     8c92     149f     1         /home/alex/Videos/lisp65-cp4-safety-20260712/build/c2.2/substitution/link28-v2-profile-data-placement-probe/v2-profile-data-placement-seed.prg.lto.o:(.text.vm_callprim)
    8c92     8c92     149f     1                 vm_callprim
    a131     a131       5b     1         /home/alex/Videos/lisp65-cp4-safety-20260712/build/c2.2/substitution/link28-v2-profile-data-placement-probe/v2-profile-data-placement-seed.prg.lto.o:(.text.vm_upval_nth)
    a131     a131       5b     1                 vm_upval_nth
    a18c     a18c      3fb     1         /home/alex/Videos/lisp65-cp4-safety-20260712/build/c2.2/substitution/link28-v2-profile-data-placement-probe/v2-profile-data-placement-seed.prg.lto.o:(.text.vm_native_call)
    a18c     a18c      3fb     1                 vm_native_call
    a587     a587      18a     1         /home/alex/Videos/lisp65-cp4-safety-20260712/build/c2.2/substitution/link28-v2-profile-data-placement-probe/v2-profile-data-placement-seed.prg.lto.o:(.text.vm_key_event)
    a587     a587      18a     1                 vm_key_event
    a711     a711       61     1         /home/alex/Videos/lisp65-cp4-safety-20260712/build/c2.2/substitution/link28-v2-profile-data-placement-probe/v2-profile-data-placement-seed.prg.lto.o:(.text.vm_byte_args)
    a711     a711       61     1                 vm_byte_args
    a772     a772      27f     1         /home/alex/Videos/lisp65-cp4-safety-20260712/build/c2.2/substitution/link28-v2-profile-data-placement-probe/v2-profile-data-placement-seed.prg.lto.o:(.text.vm_install_staged_boot_overlay)
    a772     a772      27f     1                 vm_install_staged_boot_overlay
    a9f1     a9f1       26     1         /home/alex/Videos/lisp65-cp4-safety-20260712/build/c2.2/substitution/link28-v2-profile-data-placement-probe/v2-profile-data-placement-seed.prg.lto.o:(.text.vm_runtime_overlay_exec)
    a9f1     a9f1       26     1                 vm_runtime_overlay_exec
    aa17     aa17      51e     1         /home/alex/Videos/lisp65-cp4-safety-20260712/build/c2.2/substitution/link28-v2-profile-data-placement-probe/v2-profile-data-placement-seed.prg.lto.o:(.text.vm_runtime_overlay_exec_family)
    aa17     aa17      51e     1                 vm_runtime_overlay_exec_family
    af35     af35       46     1         /home/alex/Videos/lisp65-cp4-safety-20260712/build/c2.2/substitution/link28-v2-profile-data-placement-probe/v2-profile-data-placement-seed.prg.lto.o:(.text.rtov_wipe)
    af35     af35       46     1                 rtov_wipe
    af7b     af7b       13     1         /home/alex/Videos/lisp65-cp4-safety-20260712/build/c2.2/substitution/link28-v2-profile-data-placement-probe/v2-profile-data-placement-seed.prg.lto.o:(.text.rtov_fail)
    af7b     af7b       13     1                 rtov_fail
    af8e     af8e       47     1         /home/alex/Videos/lisp65-cp4-safety-20260712/build/c2.2/substitution/link28-v2-profile-data-placement-probe/v2-profile-data-placement-seed.prg.lto.o:(.text.rtov_read)
    af8e     af8e       47     1                 rtov_read
    afd5     afd5       48     1         /home/alex/Videos/lisp65-cp4-safety-20260712/build/c2.2/substitution/link28-v2-profile-data-placement-probe/v2-profile-data-placement-seed.prg.lto.o:(.text.rtov_crc_mem)
    afd5     afd5       48     1                 rtov_crc_mem
    b01d     b01d       75     1         /home/alex/Videos/lisp65-cp4-safety-20260712/build/c2.2/substitution/link28-v2-profile-data-placement-probe/v2-profile-data-placement-seed.prg.lto.o:(.text.vm_runtime_overlay_select_family)
    b01d     b01d       75     1                 vm_runtime_overlay_select_family
    b092     b092       1d     1         /home/alex/Videos/lisp65-cp4-safety-20260712/build/c2.2/substitution/link28-v2-profile-data-placement-probe/v2-profile-data-placement-seed.prg.lto.o:(.text.vm_runtime_overlay_abort_cleanup)
    b092     b092       1d     1                 vm_runtime_overlay_abort_cleanup
    b0af     b0af      205     1         /home/alex/Videos/lisp65-cp4-safety-20260712/build/c2.2/substitution/link28-v2-profile-data-placement-probe/v2-profile-data-placement-seed.prg.lto.o:(.text.shelf_crc32)
    b0af     b0af      205     1                 shelf_crc32
    b2b4     b2b4       68     1         /home/alex/Videos/lisp65-cp4-safety-20260712/build/c2.2/substitution/link28-v2-profile-data-placement-probe/v2-profile-data-placement-seed.prg.lto.o:(.text.crc32_update)
    b2b4     b2b4       68     1                 crc32_update
    b31c     b31c        5     1         /home/alex/Videos/lisp65-cp4-safety-20260712/build/c2.2/substitution/link28-v2-profile-data-placement-probe/v2-profile-data-placement-seed.prg.lto.o:(.text.exit)
    b31c     b31c        5     1                 exit
    b321     b321       24     1         /home/alex/Videos/lisp65-cp4-safety-20260712/build/c2.2/substitution/link28-v2-profile-data-placement-probe/v2-profile-data-placement-seed.prg.lto.o:(.text.memcpy)
    b321     b321       24     1                 memcpy
    b345     b345       32     1         /home/alex/Videos/lisp65-cp4-safety-20260712/build/c2.2/substitution/link28-v2-profile-data-placement-probe/v2-profile-data-placement-seed.prg.lto.o:(.text.memcmp)
    b345     b345       32     1                 memcmp
    b377     b377       1c     1         /home/alex/Videos/lisp65-cp4-safety-20260712/build/c2.2/substitution/link28-v2-profile-data-placement-probe/v2-profile-data-placement-seed.prg.lto.o:(.text.__memset)
    b377     b377       1c     1                 __memset
    b393     b393       35     1         /home/alex/Videos/lisp65-cp4-safety-20260712/build/c2.2/substitution/link28-v2-profile-data-placement-probe/v2-profile-data-placement-seed.prg.lto.o:(.text.strlen)
    b393     b393       35     1                 strlen
    b3c8     b3c8        b     1         /home/alex/Videos/lisp65-cp4-safety-20260712/build/c2.2/substitution/link28-v2-profile-data-placement-probe/v2-profile-data-placement-seed.prg.lto.o:(.text.__ashlqi3)
    b3c8     b3c8        b     1                 __ashlqi3
    b3d3     b3d3        0     1         __init_array_start = .
    b3d3     b3d3        0     1         __init_array_end = .
    b3d3     b3d3        0     1         __fini_array_start = .
    b3d3     b3d3        0     1         __fini_array_end = .
    b481     b481      121     1 .lisp65_c2_kernal_handoff
    b481     b481      121     1         /home/alex/Videos/lisp65-cp4-safety-20260712/build/c2.2/substitution/link28-v2-profile-data-placement-probe/v2-profile-data-placement-seed.prg.lto.o:(.lisp65_c2_kernal_handoff)
    b481     b481       54     1                 c2_kernal_take_ownership
    b4d5     b4d5       61     1                 c2k_copy
    b536     b536       6c     1                 c2k_crc16
    b5a2     b5a2       27     1 .lisp65_c2_host_facade
    b5a2     b5a2       27     1         /tmp/c2_kernal_facade-7f2984.o:(.lisp65_c2_host_facade)
    b5a2     b5a2        0     1                 c2_facade_vm_code_load
    b5a5     b5a5        0     1                 c2_facade_c2_dma
    b5a8     b5a8        0     1                 c2_facade_overlay_call_family
    b5ab     b5ab        0     1                 c2_facade_c2e_cons
    b5ae     b5ae        0     1                 c2_facade_c2e_overlay
    b5b1     b5b1        0     1                 c2_facade_car
    b5b4     b5b4        0     1                 c2_facade_cdr
    b5b7     b5b7        0     1                 c2_facade_gc_collect
    b5ba     b5ba        0     1                 c2_facade_str_open
    b5bd     b5bd        0     1                 c2_facade_str_putc
    b5c0     b5c0        0     1                 c2_facade_intern
    b5c3     b5c3        0     1                 c2_facade_select_family
    b5c6     b5c6        0     1                 c2_facade_gc_mark
    b5c9     b5c9        b     1 .lisp65_c2_kernal_io_reveal
    b5c9     b5c9        b     1         /tmp/c2_kernal_map-ac5c75.o:(.lisp65_c2_kernal_io_reveal)
    b5c9     b5c9        0     1                 c2_kernal_reveal_io
    b5d4     b5d4        a     1 .lisp65_c2_kernal_map_switch
    b5d4     b5d4        a     1         /tmp/c2_kernal_map-ac5c75.o:(.lisp65_c2_kernal_map_switch)
    b5d4     b5d4        0     1                 c2_kernal_map_window
    b5e0     b5e0       14     1 .lisp65_c2_kernal_state
    b5e0     b5e0       14     1         /home/alex/Videos/lisp65-cp4-safety-20260712/build/c2.2/substitution/link28-v2-profile-data-placement-probe/v2-profile-data-placement-seed.prg.lto.o:(.lisp65_c2_kernal_state)
    b5e0     b5e0       14     1                 c2k_dma_job
    fd12    41d12      156     1 .lisp65_c2_kernal_window.profile_rodata
    fd12    41d12        0     1         __lisp65_c2_profile_rodata_start = .
    fd12    41d12        0     1         __lisp65_c2_profile_rodata_eval_start = .
    fd12    41d12       20     1         /home/alex/Videos/lisp65-cp4-safety-20260712/build/c2.2/substitution/link28-v2-profile-data-placement-probe/v2-profile-data-placement-seed.prg.lto.o:(.rodata.eval_v2_workbench_service)
    fd32    41d32        0     1         __lisp65_c2_profile_rodata_eval_end = .
    fd32    41d32        0     1         __lisp65_c2_profile_rodata_callprim_start = .
    fd32    41d32       a4     1         /home/alex/Videos/lisp65-cp4-safety-20260712/build/c2.2/substitution/link28-v2-profile-data-placement-probe/v2-profile-data-placement-seed.prg.lto.o:(.rodata.vm_callprim)
    fdd6    41dd6        0     1         __lisp65_c2_profile_rodata_callprim_end = .
    fdd6    41dd6        0     1         __lisp65_c2_profile_rodata_native_start = .
    fdd6    41dd6       92     1         /home/alex/Videos/lisp65-cp4-safety-20260712/build/c2.2/substitution/link28-v2-profile-data-placement-probe/v2-profile-data-placement-seed.prg.lto.o:(.rodata.vm_native_call)
    fe68    41e68        0     1         __lisp65_c2_profile_rodata_native_end = .
    fe68    41e68        0     1         __lisp65_c2_profile_rodata_end = .
    b5f4     b5f4      320     1 .rodata
    b5f4     b5f4        1     1         /home/alex/Videos/lisp65-cp4-safety-20260712/tools/llvm-mos/bin/../mos-platform/common/lib/libcrt.a(const.S.obj):(.rodata)
    b5f4     b5f4        0     1                 __set_v
    b5f5     b5f5        8     1         /home/alex/Videos/lisp65-cp4-safety-20260712/build/c2.2/substitution/link28-v2-profile-data-placement-probe/v2-profile-data-placement-seed.prg.lto.o:(.rodata.lisp65_buffer_overlay_read_entry)
    b5fd     b5fd        c     1         /home/alex/Videos/lisp65-cp4-safety-20260712/build/c2.2/substitution/link28-v2-profile-data-placement-probe/v2-profile-data-placement-seed.prg.lto.o:(.rodata.print_obj)
    b609     b609       16     1         /home/alex/Videos/lisp65-cp4-safety-20260712/build/c2.2/substitution/link28-v2-profile-data-placement-probe/v2-profile-data-placement-seed.prg.lto.o:(.rodata.read_expr_1)
    b61f     b61f       84     1         /home/alex/Videos/lisp65-cp4-safety-20260712/build/c2.2/substitution/link28-v2-profile-data-placement-probe/v2-profile-data-placement-seed.prg.lto.o:(.rodata.vm_run_inner)
    b6a3     b6a3       16     1         /home/alex/Videos/lisp65-cp4-safety-20260712/build/c2.2/substitution/link28-v2-profile-data-placement-probe/v2-profile-data-placement-seed.prg.lto.o:(.rodata.vm_fixbinop)
    b6b9     b6b9       12     1         /home/alex/Videos/lisp65-cp4-safety-20260712/build/c2.2/substitution/link28-v2-profile-data-placement-probe/v2-profile-data-placement-seed.prg.lto.o:(.rodata.c2_stream_phase_08)
    b6cb     b6cb       10     1         /home/alex/Videos/lisp65-cp4-safety-20260712/build/c2.2/substitution/link28-v2-profile-data-placement-probe/v2-profile-data-placement-seed.prg.lto.o:(.rodata.c2_append_stage_zero_plane.zeros)
    b6cb     b6cb       10     1                 c2_append_stage_zero_plane.zeros
    b6db     b6db       10     1         /home/alex/Videos/lisp65-cp4-safety-20260712/build/c2.2/substitution/link28-v2-profile-data-placement-probe/v2-profile-data-placement-seed.prg.lto.o:(.rodata.c2_append_rollback_zero_plane.zeros)
    b6db     b6db       10     1                 c2_append_rollback_zero_plane.zeros
    b6eb     b6eb      225     1         <internal>:(.rodata.str1.1)
    b910     b910        1     1         /home/alex/Videos/lisp65-cp4-safety-20260712/build/c2.2/substitution/link28-v2-profile-data-placement-probe/v2-profile-data-placement-seed.prg.lto.o:(.rodata.numeric_error_sentinel)
    b910     b910        1     1                 numeric_error_sentinel
    b911     b911        3     1         /home/alex/Videos/lisp65-cp4-safety-20260712/build/c2.2/substitution/link28-v2-profile-data-placement-probe/v2-profile-data-placement-seed.prg.lto.o:(.rodata..Lswitch.table.vm_runtime_overlay_install_island)
    b914     b914       20     1 .lisp65_runtime_overlay_verifier_bindings
    b914     b914        0     1         __lisp65_rtov_binding_section_start = .
    b914     b914       20     1         /tmp/runtime_overlay_verifier_bindings-45dfd8.o:(.lisp65_runtime_overlay_verifier_bindings)
    b914     b914        0     1                 __lisp65_rtov_verifier_bindings_start
    b914     b914        0     1                 rtov_boot_verifiers
    b924     b924        0     1                 rtov_verifiers
    b934     b934        0     1                 __lisp65_rtov_verifier_bindings_end
    b934     b934        0     1         __lisp65_rtov_binding_section_end = .
    b934     b934       16     1 .data
    b934     b934        0     1         __data_start = .
    b934     b934        2     1         /home/alex/Videos/lisp65-cp4-safety-20260712/build/c2.2/substitution/link28-v2-profile-data-placement-probe/v2-profile-data-placement-seed.prg.lto.o:(.data.vm_buf_off)
    b934     b934        2     1                 vm_buf_off
    b936     b936       14     1         /home/alex/Videos/lisp65-cp4-safety-20260712/build/c2.2/substitution/link28-v2-profile-data-placement-probe/v2-profile-data-placement-seed.prg.lto.o:(.data.rtov_edma_job)
    b936     b936       14     1                 rtov_edma_job
    b94a     b94a        0     1         __data_end = .
    b94a     b94a        0     1 __data_load_start = LOADADDR(.data)
    b94a     b94a        0     1 __data_size = SIZEOF(.data)
    b94a     b94a      723     1 .bss
    b94a     b94a        0     1         __bss_start = .
    b94a     b94a        9     1         /tmp/f011_guarded_write-b0037c.o:(.bss.f011_guard)
    b953     b953        c     1         /home/alex/Videos/lisp65-cp4-safety-20260712/build/c2.2/substitution/link28-v2-profile-data-placement-probe/v2-profile-data-placement-seed.prg.lto.o:(.bss.c2_dma_list)
    b953     b953        c     1                 c2_dma_list
    b95f     b95f        2     1         /home/alex/Videos/lisp65-cp4-safety-20260712/build/c2.2/substitution/link28-v2-profile-data-placement-probe/v2-profile-data-placement-seed.prg.lto.o:(.bss.cs_idx)
    b95f     b95f        2     1                 cs_idx
    b961     b961        2     1         /home/alex/Videos/lisp65-cp4-safety-20260712/build/c2.2/substitution/link28-v2-profile-data-placement-probe/v2-profile-data-placement-seed.prg.lto.o:(.bss.lisp_t)
    b961     b961        2     1                 lisp_t
    b963     b963        2     1         /home/alex/Videos/lisp65-cp4-safety-20260712/build/c2.2/substitution/link28-v2-profile-data-placement-probe/v2-profile-data-placement-seed.prg.lto.o:(.bss.k_bytecode)
    b963     b963        2     1                 k_bytecode
    b965     b965        2     1         /home/alex/Videos/lisp65-cp4-safety-20260712/build/c2.2/substitution/link28-v2-profile-data-placement-probe/v2-profile-data-placement-seed.prg.lto.o:(.bss.k_primitive)
    b965     b965        2     1                 k_primitive
    b967     b967        2     1         /home/alex/Videos/lisp65-cp4-safety-20260712/build/c2.2/substitution/link28-v2-profile-data-placement-probe/v2-profile-data-placement-seed.prg.lto.o:(.bss.k_closure)
    b967     b967        2     1                 k_closure
[...]
   20c04    20c04       cc     4         /home/alex/Videos/lisp65-cp4-safety-20260712/build/c2.2/substitution/link28-v2-profile-data-placement-probe/v2-profile-data-placement-seed.prg.lto.o:(.rela.text.rtov_read)
   20cd0    20cd0       d8     4         /home/alex/Videos/lisp65-cp4-safety-20260712/build/c2.2/substitution/link28-v2-profile-data-placement-probe/v2-profile-data-placement-seed.prg.lto.o:(.rela.text.rtov_crc_mem)
   20da8    20da8      174     4         /home/alex/Videos/lisp65-cp4-safety-20260712/build/c2.2/substitution/link28-v2-profile-data-placement-probe/v2-profile-data-placement-seed.prg.lto.o:(.rela.text.vm_runtime_overlay_select_family)
   20f1c    20f1c       6c     4         /home/alex/Videos/lisp65-cp4-safety-20260712/build/c2.2/substitution/link28-v2-profile-data-placement-probe/v2-profile-data-placement-seed.prg.lto.o:(.rela.text.vm_runtime_overlay_abort_cleanup)
   20f88    20f88      7f8     4         /home/alex/Videos/lisp65-cp4-safety-20260712/build/c2.2/substitution/link28-v2-profile-data-placement-probe/v2-profile-data-placement-seed.prg.lto.o:(.rela.text.shelf_crc32)
   21780    21780      1b0     4         /home/alex/Videos/lisp65-cp4-safety-20260712/build/c2.2/substitution/link28-v2-profile-data-placement-probe/v2-profile-data-placement-seed.prg.lto.o:(.rela.text.crc32_update)
   21930    21930        c     4         /home/alex/Videos/lisp65-cp4-safety-20260712/build/c2.2/substitution/link28-v2-profile-data-placement-probe/v2-profile-data-placement-seed.prg.lto.o:(.rela.text.exit)
   2193c    2193c       60     4         /home/alex/Videos/lisp65-cp4-safety-20260712/build/c2.2/substitution/link28-v2-profile-data-placement-probe/v2-profile-data-placement-seed.prg.lto.o:(.rela.text.memcpy)
   2199c    2199c       78     4         /home/alex/Videos/lisp65-cp4-safety-20260712/build/c2.2/substitution/link28-v2-profile-data-placement-probe/v2-profile-data-placement-seed.prg.lto.o:(.rela.text.memcmp)
   21a14    21a14       3c     4         /home/alex/Videos/lisp65-cp4-safety-20260712/build/c2.2/substitution/link28-v2-profile-data-placement-probe/v2-profile-data-placement-seed.prg.lto.o:(.rela.text.__memset)
   21a50    21a50       e4     4         /home/alex/Videos/lisp65-cp4-safety-20260712/build/c2.2/substitution/link28-v2-profile-data-placement-probe/v2-profile-data-placement-seed.prg.lto.o:(.rela.text.strlen)
       0        0       9c     4 .rela.lisp65_c2_host_facade
       0        0       9c     4         /tmp/c2_kernal_facade-7f2984.o:(.rela.lisp65_c2_host_facade)
       0        0       18     4 .rela.lisp65_c2_kernal_window.irq_handler
       0        0       18     4         /tmp/c2_kernal_window-8126d0.o:(.rela.lisp65_c2_kernal_window.irq_handler)
       0        0        c     4 .rela.lisp65_c2_kernal_window.map_switch_and_guards
       0        0        c     4         /tmp/c2_kernal_window-8126d0.o:(.rela.lisp65_c2_kernal_window.map_switch_and_guards)
       0        0       24     4 .rela.lisp65_c2_vectors
       0        0       24     4         /tmp/c2_kernal_window-8126d0.o:(.rela.lisp65_c2_vectors)
       0        0        c     4 .rela.basic_header
       0        0        c     4         /home/alex/Videos/lisp65-cp4-safety-20260712/tools/llvm-mos/bin/../mos-platform/mega65/lib/basic-header.o:(.rela.basic_header)
       0        0     1908     4 .rela.lisp65_rt_buffer_alloc
       0        0     1908     4         /home/alex/Videos/lisp65-cp4-safety-20260712/build/c2.2/substitution/link28-v2-profile-data-placement-probe/v2-profile-data-placement-seed.prg.lto.o:(.rela.lisp65_rt_buffer_alloc)
       0        0      f00     4 .rela.lisp65_rt_buffer_read
       0        0      f00     4         /home/alex/Videos/lisp65-cp4-safety-20260712/build/c2.2/substitution/link28-v2-profile-data-placement-probe/v2-profile-data-placement-seed.prg.lto.o:(.rela.lisp65_rt_buffer_read)
       0        0      504     4 .rela.rodata
       0        0       30     4         /home/alex/Videos/lisp65-cp4-safety-20260712/build/c2.2/substitution/link28-v2-profile-data-placement-probe/v2-profile-data-placement-seed.prg.lto.o:(.rela.rodata.lisp65_buffer_overlay_read_entry)
      30       30       48     4         /home/alex/Videos/lisp65-cp4-safety-20260712/build/c2.2/substitution/link28-v2-profile-data-placement-probe/v2-profile-data-placement-seed.prg.lto.o:(.rela.rodata.print_obj)
      78       78       84     4         /home/alex/Videos/lisp65-cp4-safety-20260712/build/c2.2/substitution/link28-v2-profile-data-placement-probe/v2-profile-data-placement-seed.prg.lto.o:(.rela.rodata.read_expr_1)
      fc       fc      318     4         /home/alex/Videos/lisp65-cp4-safety-20260712/build/c2.2/substitution/link28-v2-profile-data-placement-probe/v2-profile-data-placement-seed.prg.lto.o:(.rela.rodata.vm_run_inner)
     414      414       84     4         /home/alex/Videos/lisp65-cp4-safety-20260712/build/c2.2/substitution/link28-v2-profile-data-placement-probe/v2-profile-data-placement-seed.prg.lto.o:(.rela.rodata.vm_fixbinop)
     498      498       6c     4         /home/alex/Videos/lisp65-cp4-safety-20260712/build/c2.2/substitution/link28-v2-profile-data-placement-probe/v2-profile-data-placement-seed.prg.lto.o:(.rela.rodata.c2_stream_phase_08)
       0        0      930     4 .rela.lisp65_rt_buffer_write
       0        0      930     4         /home/alex/Videos/lisp65-cp4-safety-20260712/build/c2.2/substitution/link28-v2-profile-data-placement-probe/v2-profile-data-placement-seed.prg.lto.o:(.rela.lisp65_rt_buffer_write)
       0        0      2d0     4 .rela.lisp65_c2_kernal_handoff
       0        0      2d0     4         /home/alex/Videos/lisp65-cp4-safety-20260712/build/c2.2/substitution/link28-v2-profile-data-placement-probe/v2-profile-data-placement-seed.prg.lto.o:(.rela.lisp65_c2_kernal_handoff)
       0        0       84     4 .rela.lisp65_c2_kernal_window.event_poll
       0        0       84     4         /home/alex/Videos/lisp65-cp4-safety-20260712/build/c2.2/substitution/link28-v2-profile-data-placement-probe/v2-profile-data-placement-seed.prg.lto.o:(.rela.lisp65_c2_kernal_window.event_poll)
       0        0     65f4     4 .rela.lisp65_c2_kernal_window.c2_resident
       0        0     65f4     4         /home/alex/Videos/lisp65-cp4-safety-20260712/build/c2.2/substitution/link28-v2-profile-data-placement-probe/v2-profile-data-placement-seed.prg.lto.o:(.rela.lisp65_c2_kernal_window.c2_resident)
       0        0     1044     4 .rela.lisp65_rt_c2append_envelope
       0        0     1044     4         /home/alex/Videos/lisp65-cp4-safety-20260712/build/c2.2/substitution/link28-v2-profile-data-placement-probe/v2-profile-data-placement-seed.prg.lto.o:(.rela.lisp65_rt_c2append_envelope)
       0        0     117c     4 .rela.lisp65_rt_c2append_crc
       0        0     117c     4         /home/alex/Videos/lisp65-cp4-safety-20260712/build/c2.2/substitution/link28-v2-profile-data-placement-probe/v2-profile-data-placement-seed.prg.lto.o:(.rela.lisp65_rt_c2append_crc)
       0        0      924     4 .rela.lisp65_rt_c2append_metadata
       0        0      924     4         /home/alex/Videos/lisp65-cp4-safety-20260712/build/c2.2/substitution/link28-v2-profile-data-placement-probe/v2-profile-data-placement-seed.prg.lto.o:(.rela.lisp65_rt_c2append_metadata)
       0        0     1440     4 .rela.lisp65_rt_c2append_capacity
       0        0     1440     4         /home/alex/Videos/lisp65-cp4-safety-20260712/build/c2.2/substitution/link28-v2-profile-data-placement-probe/v2-profile-data-placement-seed.prg.lto.o:(.rela.lisp65_rt_c2append_capacity)
       0        0     144c     4 .rela.lisp65_rt_c2append_stage
       0        0     144c     4         /home/alex/Videos/lisp65-cp4-safety-20260712/build/c2.2/substitution/link28-v2-profile-data-placement-probe/v2-profile-data-placement-seed.prg.lto.o:(.rela.lisp65_rt_c2append_stage)
       0        0      b04     4 .rela.lisp65_rt_c2append_image
       0        0      b04     4         /home/alex/Videos/lisp65-cp4-safety-20260712/build/c2.2/substitution/link28-v2-profile-data-placement-probe/v2-profile-data-placement-seed.prg.lto.o:(.rela.lisp65_rt_c2append_image)
       0        0      ec4     4 .rela.lisp65_rt_c2append_entries
       0        0      ec4     4         /home/alex/Videos/lisp65-cp4-safety-20260712/build/c2.2/substitution/link28-v2-profile-data-placement-probe/v2-profile-data-placement-seed.prg.lto.o:(.rela.lisp65_rt_c2append_entries)
       0        0      6cc     4 .rela.lisp65_rt_c2append_header
       0        0      6cc     4         /home/alex/Videos/lisp65-cp4-safety-20260712/build/c2.2/substitution/link28-v2-profile-data-placement-probe/v2-profile-data-placement-seed.prg.lto.o:(.rela.lisp65_rt_c2append_header)
       0        0     10b0     4 .rela.lisp65_rt_c2append_publish_names
       0        0     10b0     4         /home/alex/Videos/lisp65-cp4-safety-20260712/build/c2.2/substitution/link28-v2-profile-data-placement-probe/v2-profile-data-placement-seed.prg.lto.o:(.rela.lisp65_rt_c2append_publish_names)
       0        0     198c     4 .rela.lisp65_rt_c2append_publish_cells
       0        0     198c     4         /home/alex/Videos/lisp65-cp4-safety-20260712/build/c2.2/substitution/link28-v2-profile-data-placement-probe/v2-profile-data-placement-seed.prg.lto.o:(.rela.lisp65_rt_c2append_publish_cells)
       0        0     14c4     4 .rela.lisp65_rt_c2append_rollback
       0        0     14c4     4         /home/alex/Videos/lisp65-cp4-safety-20260712/build/c2.2/substitution/link28-v2-profile-data-placement-probe/v2-profile-data-placement-seed.prg.lto.o:(.rela.lisp65_rt_c2append_rollback)
       0        0       30     4 .rela.lisp65_c2_fixed_bank0_code
       0        0       24     4         /home/alex/Videos/lisp65-cp4-safety-20260712/build/c2.2/substitution/link28-v2-profile-data-placement-probe/v2-profile-data-placement-seed.prg.lto.o:(.rela.lisp65_c2_fixed_bank0_code.c2e_cons)
      24       24        c     4         /home/alex/Videos/lisp65-cp4-safety-20260712/build/c2.2/substitution/link28-v2-profile-data-placement-probe/v2-profile-data-placement-seed.prg.lto.o:(.rela.lisp65_c2_fixed_bank0_code.kb_cursor_off)
       0        0     102c     4 .rela.lisp65_rt_c2emit_prepare
       0        0     102c     4         /home/alex/Videos/lisp65-cp4-safety-20260712/build/c2.2/substitution/link28-v2-profile-data-placement-probe/v2-profile-data-placement-seed.prg.lto.o:(.rela.lisp65_rt_c2emit_prepare)
       0        0      a08     4 .rela.lisp65_rt_c2emit_name
       0        0      a08     4         /home/alex/Videos/lisp65-cp4-safety-20260712/build/c2.2/substitution/link28-v2-profile-data-placement-probe/v2-profile-data-placement-seed.prg.lto.o:(.rela.lisp65_rt_c2emit_name)
       0        0     147c     4 .rela.lisp65_rt_c2emit_literal_prep
       0        0     147c     4         /home/alex/Videos/lisp65-cp4-safety-20260712/build/c2.2/substitution/link28-v2-profile-data-placement-probe/v2-profile-data-placement-seed.prg.lto.o:(.rela.lisp65_rt_c2emit_literal_prep)
       0        0     1674     4 .rela.lisp65_rt_c2emit_literal_atom
       0        0     1674     4         /home/alex/Videos/lisp65-cp4-safety-20260712/build/c2.2/substitution/link28-v2-profile-data-placement-probe/v2-profile-data-placement-seed.prg.lto.o:(.rela.lisp65_rt_c2emit_literal_atom)
       0        0      84c     4 .rela.lisp65_rt_c2emit_literal_append
       0        0      84c     4         /home/alex/Videos/lisp65-cp4-safety-20260712/build/c2.2/substitution/link28-v2-profile-data-placement-probe/v2-profile-data-placement-seed.prg.lto.o:(.rela.lisp65_rt_c2emit_literal_append)
       0        0     1284     4 .rela.lisp65_rt_c2emit_code
       0        0     1284     4         /home/alex/Videos/lisp65-cp4-safety-20260712/build/c2.2/substitution/link28-v2-profile-data-placement-probe/v2-profile-data-placement-seed.prg.lto.o:(.rela.lisp65_rt_c2emit_code)
       0        0     10f8     4 .rela.lisp65_rt_c2emit_final_meta
       0        0     10f8     4         /home/alex/Videos/lisp65-cp4-safety-20260712/build/c2.2/substitution/link28-v2-profile-data-placement-probe/v2-profile-data-placement-seed.prg.lto.o:(.rela.lisp65_rt_c2emit_final_meta)
       0        0     11ac     4 .rela.lisp65_rt_c2emit_final_crc
       0        0     11ac     4         /home/alex/Videos/lisp65-cp4-safety-20260712/build/c2.2/substitution/link28-v2-profile-data-placement-probe/v2-profile-data-placement-seed.prg.lto.o:(.rela.lisp65_rt_c2emit_final_crc)
       0        0      654     4 .rela.lisp65_rt_l65e
       0        0      654     4         /home/alex/Videos/lisp65-cp4-safety-20260712/build/c2.2/substitution/link28-v2-profile-data-placement-probe/v2-profile-data-placement-seed.prg.lto.o:(.rela.lisp65_rt_l65e)
       0        0     15d8     4 .rela.lisp65_workbench_overlay
       0        0     15d8     4         /home/alex/Videos/lisp65-cp4-safety-20260712/build/c2.2/substitution/link28-v2-profile-data-placement-probe/v2-profile-data-placement-seed.prg.lto.o:(.rela.lisp65_boot)
       0        0      804     4 .rela.lisp65_c2_kernal_window.profile_rodata
       0        0       c0     4         /home/alex/Videos/lisp65-cp4-safety-20260712/build/c2.2/substitution/link28-v2-profile-data-placement-probe/v2-profile-data-placement-seed.prg.lto.o:(.rela.rodata.eval_v2_workbench_service)
      c0       c0      3d8     4         /home/alex/Videos/lisp65-cp4-safety-20260712/build/c2.2/substitution/link28-v2-profile-data-placement-probe/v2-profile-data-placement-seed.prg.lto.o:(.rela.rodata.vm_callprim)
     498      498      36c     4         /home/alex/Videos/lisp65-cp4-safety-20260712/build/c2.2/substitution/link28-v2-profile-data-placement-probe/v2-profile-data-placement-seed.prg.lto.o:(.rela.rodata.vm_native_call)
       0        0      5c4     4 .rela.lisp65_resident_island
       0        0      5c4     4         /home/alex/Videos/lisp65-cp4-safety-20260712/build/c2.2/substitution/link28-v2-profile-data-placement-probe/v2-profile-data-placement-seed.prg.lto.o:(.rela.lisp65_resident_island)
       0        0      f84     4 .rela.lisp65_rt_rtov_catalog
       0        0      f84     4         /home/alex/Videos/lisp65-cp4-safety-20260712/build/c2.2/substitution/link28-v2-profile-data-placement-probe/v2-profile-data-placement-seed.prg.lto.o:(.rela.lisp65_rt_rtov_catalog)
       0        0     11d0     4 .rela.lisp65_rt_rtov_record
       0        0     11d0     4         /home/alex/Videos/lisp65-cp4-safety-20260712/build/c2.2/substitution/link28-v2-profile-data-placement-probe/v2-profile-data-placement-seed.prg.lto.o:(.rela.lisp65_rt_rtov_record)
       0        0      168     4 .rela.lisp65_rt_island_00
       0        0      168     4         /home/alex/Videos/lisp65-cp4-safety-20260712/build/c2.2/substitution/link28-v2-profile-data-placement-probe/v2-profile-data-placement-seed.prg.lto.o:(.rela.lisp65_rt_island_00)
       0        0     111c     4 .rela.lisp65_rt_c2d_00
       0        0     111c     4         /home/alex/Videos/lisp65-cp4-safety-20260712/build/c2.2/substitution/link28-v2-profile-data-placement-probe/v2-profile-data-placement-seed.prg.lto.o:(.rela.lisp65_rt_c2d_00)
       0        0     13d4     4 .rela.lisp65_rt_c2d_00b
       0        0     13d4     4         /home/alex/Videos/lisp65-cp4-safety-20260712/build/c2.2/substitution/link28-v2-profile-data-placement-probe/v2-profile-data-placement-seed.prg.lto.o:(.rela.lisp65_rt_c2d_00b)
       0        0     1674     4 .rela.lisp65_rt_c2d_01
       0        0     1674     4         /home/alex/Videos/lisp65-cp4-safety-20260712/build/c2.2/substitution/link28-v2-profile-data-placement-probe/v2-profile-data-placement-seed.prg.lto.o:(.rela.lisp65_rt_c2d_01)
       0        0     1854     4 .rela.lisp65_rt_c2d_02a
       0        0     1854     4         /home/alex/Videos/lisp65-cp4-safety-20260712/build/c2.2/substitution/link28-v2-profile-data-placement-probe/v2-profile-data-placement-seed.prg.lto.o:(.rela.lisp65_rt_c2d_02a)
       0        0      324     4 .rela.lisp65_rt_c2d_02b
       0        0      324     4         /home/alex/Videos/lisp65-cp4-safety-20260712/build/c2.2/substitution/link28-v2-profile-data-placement-probe/v2-profile-data-placement-seed.prg.lto.o:(.rela.lisp65_rt_c2d_02b)
       0        0     1530     4 .rela.lisp65_rt_c2d_03
       0        0     1530     4         /home/alex/Videos/lisp65-cp4-safety-20260712/build/c2.2/substitution/link28-v2-profile-data-placement-probe/v2-profile-data-placement-seed.prg.lto.o:(.rela.lisp65_rt_c2d_03)
       0        0      f0c     4 .rela.lisp65_rt_c2d_04
       0        0      f0c     4         /home/alex/Videos/lisp65-cp4-safety-20260712/build/c2.2/substitution/link28-v2-profile-data-placement-probe/v2-profile-data-placement-seed.prg.lto.o:(.rela.lisp65_rt_c2d_04)
       0        0     1710     4 .rela.lisp65_rt_c2d_05
       0        0     1710     4         /home/alex/Videos/lisp65-cp4-safety-20260712/build/c2.2/substitution/link28-v2-profile-data-placement-probe/v2-profile-data-placement-seed.prg.lto.o:(.rela.lisp65_rt_c2d_05)
       0        0     1314     4 .rela.lisp65_rt_c2d_06a
       0        0     1314     4         /home/alex/Videos/lisp65-cp4-safety-20260712/build/c2.2/substitution/link28-v2-profile-data-placement-probe/v2-profile-data-placement-seed.prg.lto.o:(.rela.lisp65_rt_c2d_06a)
       0        0      e4c     4 .rela.lisp65_rt_c2d_06b
       0        0      e4c     4         /home/alex/Videos/lisp65-cp4-safety-20260712/build/c2.2/substitution/link28-v2-profile-data-placement-probe/v2-profile-data-placement-seed.prg.lto.o:(.rela.lisp65_rt_c2d_06b)
       0        0      f9c     4 .rela.lisp65_rt_c2d_07
       0        0      f9c     4         /home/alex/Videos/lisp65-cp4-safety-20260712/build/c2.2/substitution/link28-v2-profile-data-placement-probe/v2-profile-data-placement-seed.prg.lto.o:(.rela.lisp65_rt_c2d_07)
       0        0     13f8     4 .rela.lisp65_rt_c2d_08
       0        0     13f8     4         /home/alex/Videos/lisp65-cp4-safety-20260712/build/c2.2/substitution/link28-v2-profile-data-placement-probe/v2-profile-data-placement-seed.prg.lto.o:(.rela.lisp65_rt_c2d_08)
       0        0     1518     4 .rela.lisp65_rt_c2d_09
       0        0     1518     4         /home/alex/Videos/lisp65-cp4-safety-20260712/build/c2.2/substitution/link28-v2-profile-data-placement-probe/v2-profile-data-placement-seed.prg.lto.o:(.rela.lisp65_rt_c2d_09)
       0        0     1338     4 .rela.lisp65_rt_c2d_10
       0        0     1338     4         /home/alex/Videos/lisp65-cp4-safety-20260712/build/c2.2/substitution/link28-v2-profile-data-placement-probe/v2-profile-data-placement-seed.prg.lto.o:(.rela.lisp65_rt_c2d_10)
       0        0     1848     4 .rela.lisp65_rt_c2d_11
       0        0     1848     4         /home/alex/Videos/lisp65-cp4-safety-20260712/build/c2.2/substitution/link28-v2-profile-data-placement-probe/v2-profile-data-placement-seed.prg.lto.o:(.rela.lisp65_rt_c2d_11)
       0        0     1164     4 .rela.lisp65_rt_c2d_12
       0        0     1164     4         /home/alex/Videos/lisp65-cp4-safety-20260712/build/c2.2/substitution/link28-v2-profile-data-placement-probe/v2-profile-data-placement-seed.prg.lto.o:(.rela.lisp65_rt_c2d_12)
       0        0     1a88     4 .rela.lisp65_rt_c2d_13
       0        0     1a88     4         /home/alex/Videos/lisp65-cp4-safety-20260712/build/c2.2/substitution/link28-v2-profile-data-placement-probe/v2-profile-data-placement-seed.prg.lto.o:(.rela.lisp65_rt_c2d_13)
       0        0        f     1 .llvm_sympart
       0        0        f     1         /home/alex/Videos/lisp65-cp4-safety-20260712/build/c2.2/substitution/link28-v2-profile-data-placement-probe/v2-profile-data-placement-seed.prg.lto.o:(.llvm_sympart)
